Archive member included to satisfy reference by file (symbol)

c:/st/stm32cubeide_1.3.0/stm32cubeide/plugins/com.st.stm32cube.ide.mcu.externaltools.gnu-tools-for-stm32.7-2018-q2-update.win32_1.0.0.201904181610/tools/bin/../lib/gcc/arm-none-eabi/7.3.1/../../../../arm-none-eabi/lib/thumb/v7e-m/fpv4-sp/hard\libc_nano.a(lib_a-errno.o)
                              Core/Src/syscalls.o (__errno)
c:/st/stm32cubeide_1.3.0/stm32cubeide/plugins/com.st.stm32cube.ide.mcu.externaltools.gnu-tools-for-stm32.7-2018-q2-update.win32_1.0.0.201904181610/tools/bin/../lib/gcc/arm-none-eabi/7.3.1/../../../../arm-none-eabi/lib/thumb/v7e-m/fpv4-sp/hard\libc_nano.a(lib_a-exit.o)
                              c:/st/stm32cubeide_1.3.0/stm32cubeide/plugins/com.st.stm32cube.ide.mcu.externaltools.gnu-tools-for-stm32.7-2018-q2-update.win32_1.0.0.201904181610/tools/bin/../lib/gcc/arm-none-eabi/7.3.1/../../../../arm-none-eabi/lib/thumb/v7e-m/fpv4-sp/hard/crt0.o (exit)
c:/st/stm32cubeide_1.3.0/stm32cubeide/plugins/com.st.stm32cube.ide.mcu.externaltools.gnu-tools-for-stm32.7-2018-q2-update.win32_1.0.0.201904181610/tools/bin/../lib/gcc/arm-none-eabi/7.3.1/../../../../arm-none-eabi/lib/thumb/v7e-m/fpv4-sp/hard\libc_nano.a(lib_a-impure.o)
                              c:/st/stm32cubeide_1.3.0/stm32cubeide/plugins/com.st.stm32cube.ide.mcu.externaltools.gnu-tools-for-stm32.7-2018-q2-update.win32_1.0.0.201904181610/tools/bin/../lib/gcc/arm-none-eabi/7.3.1/../../../../arm-none-eabi/lib/thumb/v7e-m/fpv4-sp/hard\libc_nano.a(lib_a-exit.o) (_global_impure_ptr)
c:/st/stm32cubeide_1.3.0/stm32cubeide/plugins/com.st.stm32cube.ide.mcu.externaltools.gnu-tools-for-stm32.7-2018-q2-update.win32_1.0.0.201904181610/tools/bin/../lib/gcc/arm-none-eabi/7.3.1/../../../../arm-none-eabi/lib/thumb/v7e-m/fpv4-sp/hard\libc_nano.a(lib_a-init.o)
                              c:/st/stm32cubeide_1.3.0/stm32cubeide/plugins/com.st.stm32cube.ide.mcu.externaltools.gnu-tools-for-stm32.7-2018-q2-update.win32_1.0.0.201904181610/tools/bin/../lib/gcc/arm-none-eabi/7.3.1/../../../../arm-none-eabi/lib/thumb/v7e-m/fpv4-sp/hard/crt0.o (__libc_init_array)
c:/st/stm32cubeide_1.3.0/stm32cubeide/plugins/com.st.stm32cube.ide.mcu.externaltools.gnu-tools-for-stm32.7-2018-q2-update.win32_1.0.0.201904181610/tools/bin/../lib/gcc/arm-none-eabi/7.3.1/../../../../arm-none-eabi/lib/thumb/v7e-m/fpv4-sp/hard\libc_nano.a(lib_a-malloc.o)
                              Middlewares/ST/STM32_USB_Device_Library/Class/CDC/Src/usbd_cdc.o (malloc)
c:/st/stm32cubeide_1.3.0/stm32cubeide/plugins/com.st.stm32cube.ide.mcu.externaltools.gnu-tools-for-stm32.7-2018-q2-update.win32_1.0.0.201904181610/tools/bin/../lib/gcc/arm-none-eabi/7.3.1/../../../../arm-none-eabi/lib/thumb/v7e-m/fpv4-sp/hard\libc_nano.a(lib_a-memset.o)
                              c:/st/stm32cubeide_1.3.0/stm32cubeide/plugins/com.st.stm32cube.ide.mcu.externaltools.gnu-tools-for-stm32.7-2018-q2-update.win32_1.0.0.201904181610/tools/bin/../lib/gcc/arm-none-eabi/7.3.1/../../../../arm-none-eabi/lib/thumb/v7e-m/fpv4-sp/hard/crt0.o (memset)
c:/st/stm32cubeide_1.3.0/stm32cubeide/plugins/com.st.stm32cube.ide.mcu.externaltools.gnu-tools-for-stm32.7-2018-q2-update.win32_1.0.0.201904181610/tools/bin/../lib/gcc/arm-none-eabi/7.3.1/../../../../arm-none-eabi/lib/thumb/v7e-m/fpv4-sp/hard\libc_nano.a(lib_a-nano-freer.o)
                              c:/st/stm32cubeide_1.3.0/stm32cubeide/plugins/com.st.stm32cube.ide.mcu.externaltools.gnu-tools-for-stm32.7-2018-q2-update.win32_1.0.0.201904181610/tools/bin/../lib/gcc/arm-none-eabi/7.3.1/../../../../arm-none-eabi/lib/thumb/v7e-m/fpv4-sp/hard\libc_nano.a(lib_a-malloc.o) (_free_r)
c:/st/stm32cubeide_1.3.0/stm32cubeide/plugins/com.st.stm32cube.ide.mcu.externaltools.gnu-tools-for-stm32.7-2018-q2-update.win32_1.0.0.201904181610/tools/bin/../lib/gcc/arm-none-eabi/7.3.1/../../../../arm-none-eabi/lib/thumb/v7e-m/fpv4-sp/hard\libc_nano.a(lib_a-nano-mallocr.o)
                              c:/st/stm32cubeide_1.3.0/stm32cubeide/plugins/com.st.stm32cube.ide.mcu.externaltools.gnu-tools-for-stm32.7-2018-q2-update.win32_1.0.0.201904181610/tools/bin/../lib/gcc/arm-none-eabi/7.3.1/../../../../arm-none-eabi/lib/thumb/v7e-m/fpv4-sp/hard\libc_nano.a(lib_a-malloc.o) (_malloc_r)
c:/st/stm32cubeide_1.3.0/stm32cubeide/plugins/com.st.stm32cube.ide.mcu.externaltools.gnu-tools-for-stm32.7-2018-q2-update.win32_1.0.0.201904181610/tools/bin/../lib/gcc/arm-none-eabi/7.3.1/../../../../arm-none-eabi/lib/thumb/v7e-m/fpv4-sp/hard\libc_nano.a(lib_a-sbrkr.o)
                              c:/st/stm32cubeide_1.3.0/stm32cubeide/plugins/com.st.stm32cube.ide.mcu.externaltools.gnu-tools-for-stm32.7-2018-q2-update.win32_1.0.0.201904181610/tools/bin/../lib/gcc/arm-none-eabi/7.3.1/../../../../arm-none-eabi/lib/thumb/v7e-m/fpv4-sp/hard\libc_nano.a(lib_a-nano-mallocr.o) (_sbrk_r)
[...]
Memory Configuration

Name             Origin             Length             Attributes
RAM              0x0000000020000000 0x0000000000020000 xrw
FLASH            0x0000000008000000 0x0000000000080000 xr
*default*        0x0000000000000000 0xffffffffffffffff

Linker script and memory map

LOAD c:/st/stm32cubeide_1.3.0/stm32cubeide/plugins/com.st.stm32cube.ide.mcu.externaltools.gnu-tools-for-stm32.7-2018-q2-update.win32_1.0.0.201904181610/tools/bin/../lib/gcc/arm-none-eabi/7.3.1/thumb/v7e-m/fpv4-sp/hard/crti.o
LOAD c:/st/stm32cubeide_1.3.0/stm32cubeide/plugins/com.st.stm32cube.ide.mcu.externaltools.gnu-tools-for-stm32.7-2018-q2-update.win32_1.0.0.201904181610/tools/bin/../lib/gcc/arm-none-eabi/7.3.1/thumb/v7e-m/fpv4-sp/hard/crtbegin.o
LOAD c:/st/stm32cubeide_1.3.0/stm32cubeide/plugins/com.st.stm32cube.ide.mcu.externaltools.gnu-tools-for-stm32.7-2018-q2-update.win32_1.0.0.201904181610/tools/bin/../lib/gcc/arm-none-eabi/7.3.1/../../../../arm-none-eabi/lib/thumb/v7e-m/fpv4-sp/hard/crt0.o
LOAD Core/Src/main.o
LOAD Core/Src/stm32f4xx_hal_msp.o
LOAD Core/Src/stm32f4xx_it.o
LOAD Core/Src/syscalls.o
LOAD Core/Src/sysmem.o
LOAD Core/Src/system_stm32f4xx.o
LOAD Core/Startup/startup_stm32f446zetx.o
LOAD Drivers/STM32F4xx_HAL_Driver/Src/stm32f4xx_hal.o
LOAD Drivers/STM32F4xx_HAL_Driver/Src/stm32f4xx_hal_cortex.o
LOAD Drivers/STM32F4xx_HAL_Driver/Src/stm32f4xx_hal_dma.o
LOAD Drivers/STM32F4xx_HAL_Driver/Src/stm32f4xx_hal_dma_ex.o
LOAD Drivers/STM32F4xx_HAL_Driver/Src/stm32f4xx_hal_exti.o
LOAD Drivers/STM32F4xx_HAL_Driver/Src/stm32f4xx_hal_flash.o
LOAD Drivers/STM32F4xx_HAL_Driver/Src/stm32f4xx_hal_flash_ex.o
LOAD Drivers/STM32F4xx_HAL_Driver/Src/stm32f4xx_hal_flash_ramfunc.o
LOAD Drivers/STM32F4xx_HAL_Driver/Src/stm32f4xx_hal_gpio.o
LOAD Drivers/STM32F4xx_HAL_Driver/Src/stm32f4xx_hal_pcd.o
LOAD Drivers/STM32F4xx_HAL_Driver/Src/stm32f4xx_hal_pcd_ex.o
LOAD Drivers/STM32F4xx_HAL_Driver/Src/stm32f4xx_hal_pwr.o
LOAD Drivers/STM32F4xx_HAL_Driver/Src/stm32f4xx_hal_pwr_ex.o
LOAD Drivers/STM32F4xx_HAL_Driver/Src/stm32f4xx_hal_rcc.o
LOAD Drivers/STM32F4xx_HAL_Driver/Src/stm32f4xx_hal_rcc_ex.o
LOAD Drivers/STM32F4xx_HAL_Driver/Src/stm32f4xx_hal_tim.o
LOAD Drivers/STM32F4xx_HAL_Driver/Src/stm32f4xx_hal_tim_ex.o
LOAD Drivers/STM32F4xx_HAL_Driver/Src/stm32f4xx_hal_uart.o
LOAD Drivers/STM32F4xx_HAL_Driver/Src/stm32f4xx_ll_usb.o
LOAD Middlewares/ST/STM32_USB_Device_Library/Class/CDC/Src/usbd_cdc.o
LOAD Middlewares/ST/STM32_USB_Device_Library/Core/Src/usbd_core.o
LOAD Middlewares/ST/STM32_USB_Device_Library/Core/Src/usbd_ctlreq.o
LOAD Middlewares/ST/STM32_USB_Device_Library/Core/Src/usbd_ioreq.o
LOAD USB_DEVICE/App/usb_device.o
LOAD USB_DEVICE/App/usbd_cdc_if.o
LOAD USB_DEVICE/App/usbd_desc.o
LOAD USB_DEVICE/Target/usbd_conf.o
START GROUP
LOAD c:/st/stm32cubeide_1.3.0/stm32cubeide/plugins/com.st.stm32cube.ide.mcu.externaltools.gnu-tools-for-stm32.7-2018-q2-update.win32_1.0.0.201904181610/tools/bin/../lib/gcc/arm-none-eabi/7.3.1/../../../../arm-none-eabi/lib/thumb/v7e-m/fpv4-sp/hard\libstdc++_nano.a
LOAD c:/st/stm32cubeide_1.3.0/stm32cubeide/plugins/com.st.stm32cube.ide.mcu.externaltools.gnu-tools-for-stm32.7-2018-q2-update.win32_1.0.0.201904181610/tools/bin/../lib/gcc/arm-none-eabi/7.3.1/../../../../arm-none-eabi/lib/thumb/v7e-m/fpv4-sp/hard\libsupc++_nano.a
END GROUP
LOAD c:/st/stm32cubeide_1.3.0/stm32cubeide/plugins/com.st.stm32cube.ide.mcu.externaltools.gnu-tools-for-stm32.7-2018-q2-update.win32_1.0.0.201904181610/tools/bin/../lib/gcc/arm-none-eabi/7.3.1/../../../../arm-none-eabi/lib/thumb/v7e-m/fpv4-sp/hard\libstdc++_nano.a
LOAD c:/st/stm32cubeide_1.3.0/stm32cubeide/plugins/com.st.stm32cube.ide.mcu.externaltools.gnu-tools-for-stm32.7-2018-q2-update.win32_1.0.0.201904181610/tools/bin/../lib/gcc/arm-none-eabi/7.3.1/../../../../arm-none-eabi/lib/thumb/v7e-m/fpv4-sp/hard\libm.a
LOAD c:/st/stm32cubeide_1.3.0/stm32cubeide/plugins/com.st.stm32cube.ide.mcu.externaltools.gnu-tools-for-stm32.7-2018-q2-update.win32_1.0.0.201904181610/tools/bin/../lib/gcc/arm-none-eabi/7.3.1/../../../../arm-none-eabi/lib/thumb/v7e-m/fpv4-sp/hard\libc_nano.a
START GROUP
LOAD c:/st/stm32cubeide_1.3.0/stm32cubeide/plugins/com.st.stm32cube.ide.mcu.externaltools.gnu-tools-for-stm32.7-2018-q2-update.win32_1.0.0.201904181610/tools/bin/../lib/gcc/arm-none-eabi/7.3.1/thumb/v7e-m/fpv4-sp/hard\libgcc.a
LOAD c:/st/stm32cubeide_1.3.0/stm32cubeide/plugins/com.st.stm32cube.ide.mcu.externaltools.gnu-tools-for-stm32.7-2018-q2-update.win32_1.0.0.201904181610/tools/bin/../lib/gcc/arm-none-eabi/7.3.1/../../../../arm-none-eabi/lib/thumb/v7e-m/fpv4-sp/hard\libc_nano.a
END GROUP
START GROUP
LOAD c:/st/stm32cubeide_1.3.0/stm32cubeide/plugins/com.st.stm32cube.ide.mcu.externaltools.gnu-tools-for-stm32.7-2018-q2-update.win32_1.0.0.201904181610/tools/bin/../lib/gcc/arm-none-eabi/7.3.1/thumb/v7e-m/fpv4-sp/hard\libgcc.a
LOAD c:/st/stm32cubeide_1.3.0/stm32cubeide/plugins/com.st.stm32cube.ide.mcu.externaltools.gnu-tools-for-stm32.7-2018-q2-update.win32_1.0.0.201904181610/tools/bin/../lib/gcc/arm-none-eabi/7.3.1/../../../../arm-none-eabi/lib/thumb/v7e-m/fpv4-sp/hard\libc_nano.a
LOAD c:/st/stm32cubeide_1.3.0/stm32cubeide/plugins/com.st.stm32cube.ide.mcu.externaltools.gnu-tools-for-stm32.7-2018-q2-update.win32_1.0.0.201904181610/tools/bin/../lib/gcc/arm-none-eabi/7.3.1/../../../../arm-none-eabi/lib/thumb/v7e-m/fpv4-sp/hard\libnosys.a
END GROUP
START GROUP
LOAD c:/st/stm32cubeide_1.3.0/stm32cubeide/plugins/com.st.stm32cube.ide.mcu.externaltools.gnu-tools-for-stm32.7-2018-q2-update.win32_1.0.0.201904181610/tools/bin/../lib/gcc/arm-none-eabi/7.3.1/thumb/v7e-m/fpv4-sp/hard\libgcc.a
LOAD c:/st/stm32cubeide_1.3.0/stm32cubeide/plugins/com.st.stm32cube.ide.mcu.externaltools.gnu-tools-for-stm32.7-2018-q2-update.win32_1.0.0.201904181610/tools/bin/../lib/gcc/arm-none-eabi/7.3.1/../../../../arm-none-eabi/lib/thumb/v7e-m/fpv4-sp/hard\libc_nano.a
LOAD c:/st/stm32cubeide_1.3.0/stm32cubeide/plugins/com.st.stm32cube.ide.mcu.externaltools.gnu-tools-for-stm32.7-2018-q2-update.win32_1.0.0.201904181610/tools/bin/../lib/gcc/arm-none-eabi/7.3.1/../../../../arm-none-eabi/lib/thumb/v7e-m/fpv4-sp/hard\libnosys.a
END GROUP
LOAD c:/st/stm32cubeide_1.3.0/stm32cubeide/plugins/com.st.stm32cube.ide.mcu.externaltools.gnu-tools-for-stm32.7-2018-q2-update.win32_1.0.0.201904181610/tools/bin/../lib/gcc/arm-none-eabi/7.3.1/thumb/v7e-m/fpv4-sp/hard/crtend.o
LOAD c:/st/stm32cubeide_1.3.0/stm32cubeide/plugins/com.st.stm32cube.ide.mcu.externaltools.gnu-tools-for-stm32.7-2018-q2-update.win32_1.0.0.201904181610/tools/bin/../lib/gcc/arm-none-eabi/7.3.1/thumb/v7e-m/fpv4-sp/hard/crtn.o
                0x0000000020020000                _estack = (ORIGIN (RAM) + LENGTH (RAM))
                0x0000000000000200                _Min_Heap_Size = 0x200
                0x0000000000000400                _Min_Stack_Size = 0x400

.isr_vector     0x0000000008000000      0x1c4
                0x0000000008000000                . = ALIGN (0x4)
 *(.isr_vector)
 .isr_vector    0x0000000008000000      0x1c4 Core/Startup/startup_stm32f446zetx.o
                0x0000000008000000                g_pfnVectors
                0x00000000080001c4                . = ALIGN (0x4)

.text           0x00000000080001c4     0x75e0
                0x00000000080001c4                . = ALIGN (0x4)
 *(.text)
 .text          0x00000000080001c4       0x40 c:/st/stm32cubeide_1.3.0/stm32cubeide/plugins/com.st.stm32cube.ide.mcu.externaltools.gnu-tools-for-stm32.7-2018-q2-update.win32_1.0.0.201904181610/tools/bin/../lib/gcc/arm-none-eabi/7.3.1/thumb/v7e-m/fpv4-sp/hard/crtbegin.o
 .text          0x0000000008000204       0x30 c:/st/stm32cubeide_1.3.0/stm32cubeide/plugins/com.st.stm32cube.ide.mcu.externaltools.gnu-tools-for-stm32.7-2018-q2-update.win32_1.0.0.201904181610/tools/bin/../lib/gcc/arm-none-eabi/7.3.1/thumb/v7e-m/fpv4-sp/hard\libgcc.a(_aeabi_uldivmod.o)
                0x0000000008000204                __aeabi_uldivmod
 .text          0x0000000008000234      0x2cc c:/st/stm32cubeide_1.3.0/stm32cubeide/plugins/com.st.stm32cube.ide.mcu.externaltools.gnu-tools-for-stm32.7-2018-q2-update.win32_1.0.0.201904181610/tools/bin/../lib/gcc/arm-none-eabi/7.3.1/thumb/v7e-m/fpv4-sp/hard\libgcc.a(_udivmoddi4.o)
                0x0000000008000234                __udivmoddi4
 .text          0x0000000008000500        0x4 c:/st/stm32cubeide_1.3.0/stm32cubeide/plugins/com.st.stm32cube.ide.mcu.externaltools.gnu-tools-for-stm32.7-2018-q2-update.win32_1.0.0.201904181610/tools/bin/../lib/gcc/arm-none-eabi/7.3.1/thumb/v7e-m/fpv4-sp/hard\libgcc.a(_dvmd_tls.o)
                0x0000000008000500                __aeabi_idiv0
                0x0000000008000500                __aeabi_ldiv0
 *(.text*)
 .text.main     0x0000000008000504       0x1a Core/Src/main.o
                0x0000000008000504                main
 *fill*         0x000000000800051e        0x2 
 .text.SystemClock_Config
                0x0000000008000520      0x114 Core/Src/main.o
                0x0000000008000520                SystemClock_Config
 .text.MX_USART3_UART_Init
                0x0000000008000634       0x54 Core/Src/main.o
 .text.MX_GPIO_Init
                0x0000000008000688      0x15c Core/Src/main.o
 .text.Error_Handler
                0x00000000080007e4        0xe Core/Src/main.o
                0x00000000080007e4                Error_Handler
 *fill*         0x00000000080007f2        0x2 
 .text.HAL_MspInit
                0x00000000080007f4       0x50 Core/Src/stm32f4xx_hal_msp.o
                0x00000000080007f4                HAL_MspInit
 .text.HAL_UART_MspInit
                0x0000000008000844       0x90 Core/Src/stm32f4xx_hal_msp.o
                0x0000000008000844                HAL_UART_MspInit
 .text.NMI_Handler
                0x00000000080008d4        0xe Core/Src/stm32f4xx_it.o
                0x00000000080008d4                NMI_Handler
 .text.HardFault_Handler
                0x00000000080008e2        0x6 Core/Src/stm32f4xx_it.o
                0x00000000080008e2                HardFault_Handler
 .text.MemManage_Handler
                0x00000000080008e8        0x6 Core/Src/stm32f4xx_it.o
                0x00000000080008e8                MemManage_Handler
 .text.BusFault_Handler
                0x00000000080008ee        0x6 Core/Src/stm32f4xx_it.o
                0x00000000080008ee                BusFault_Handler
 .text.UsageFault_Handler
                0x00000000080008f4        0x6 Core/Src/stm32f4xx_it.o
                0x00000000080008f4                UsageFault_Handler
 .text.SVC_Handler
                0x00000000080008fa        0xe Core/Src/stm32f4xx_it.o
                0x00000000080008fa                SVC_Handler
 .text.DebugMon_Handler
                0x0000000008000908        0xe Core/Src/stm32f4xx_it.o
                0x0000000008000908                DebugMon_Handler
 .text.PendSV_Handler
                0x0000000008000916        0xe Core/Src/stm32f4xx_it.o
                0x0000000008000916                PendSV_Handler
 .text.SysTick_Handler
                0x0000000008000924        0xc Core/Src/stm32f4xx_it.o
                0x0000000008000924                SysTick_Handler
 .text.OTG_FS_IRQHandler
                0x0000000008000930       0x14 Core/Src/stm32f4xx_it.o
                0x0000000008000930                OTG_FS_IRQHandler
 .text._sbrk    0x0000000008000944       0x58 Core/Src/sysmem.o
                0x0000000008000944                _sbrk
 .text.SystemInit
                0x000000000800099c       0x2c Core/Src/system_stm32f4xx.o
                0x000000000800099c                SystemInit
 .text.Reset_Handler
                0x00000000080009c8       0x50 Core/Startup/startup_stm32f446zetx.o
                0x00000000080009c8                Reset_Handler
 .text.Default_Handler
                0x0000000008000a18        0x2 Core/Startup/startup_stm32f446zetx.o
                0x0000000008000a18                RTC_Alarm_IRQHandler
                0x0000000008000a18                EXTI2_IRQHandler
                0x0000000008000a18                TIM8_CC_IRQHandler
                0x0000000008000a18                FMPI2C1_EV_IRQHandler
                0x0000000008000a18                SPI4_IRQHandler
                0x0000000008000a18                TIM1_CC_IRQHandler
                0x0000000008000a18                DMA2_Stream5_IRQHandler
                0x0000000008000a18                DMA1_Stream5_IRQHandler
                0x0000000008000a18                PVD_IRQHandler
                0x0000000008000a18                SDIO_IRQHandler
                0x0000000008000a18                TAMP_STAMP_IRQHandler
                0x0000000008000a18                CAN2_RX1_IRQHandler
                0x0000000008000a18                EXTI3_IRQHandler
                0x0000000008000a18                TIM8_TRG_COM_TIM14_IRQHandler
                0x0000000008000a18                TIM1_UP_TIM10_IRQHandler
                0x0000000008000a18                TIM8_UP_TIM13_IRQHandler
                0x0000000008000a18                I2C3_ER_IRQHandler
                0x0000000008000a18                EXTI0_IRQHandler
                0x0000000008000a18                I2C2_EV_IRQHandler
                0x0000000008000a18                DMA1_Stream2_IRQHandler
                0x0000000008000a18                CAN1_RX0_IRQHandler
                0x0000000008000a18                FPU_IRQHandler
                0x0000000008000a18                OTG_HS_WKUP_IRQHandler
                0x0000000008000a18                CAN2_SCE_IRQHandler
                0x0000000008000a18                DMA2_Stream2_IRQHandler
                0x0000000008000a18                SPI1_IRQHandler
                0x0000000008000a18                TIM6_DAC_IRQHandler
                0x0000000008000a18                TIM1_BRK_TIM9_IRQHandler
                0x0000000008000a18                DCMI_IRQHandler
                0x0000000008000a18                CAN2_RX0_IRQHandler
                0x0000000008000a18                DMA2_Stream3_IRQHandler
                0x0000000008000a18                SAI2_IRQHandler
                0x0000000008000a18                USART6_IRQHandler
                0x0000000008000a18                USART3_IRQHandler
                0x0000000008000a18                CAN1_RX1_IRQHandler
                0x0000000008000a18                UART5_IRQHandler
                0x0000000008000a18                DMA2_Stream0_IRQHandler
                0x0000000008000a18                TIM4_IRQHandler
                0x0000000008000a18                QUADSPI_IRQHandler
                0x0000000008000a18                I2C1_EV_IRQHandler
                0x0000000008000a18                DMA1_Stream6_IRQHandler
                0x0000000008000a18                DMA1_Stream1_IRQHandler
                0x0000000008000a18                UART4_IRQHandler
                0x0000000008000a18                TIM3_IRQHandler
                0x0000000008000a18                RCC_IRQHandler
                0x0000000008000a18                TIM8_BRK_TIM12_IRQHandler
                0x0000000008000a18                Default_Handler
                0x0000000008000a18                CEC_IRQHandler
                0x0000000008000a18                EXTI15_10_IRQHandler
                0x0000000008000a18                ADC_IRQHandler
                0x0000000008000a18                DMA1_Stream7_IRQHandler
                0x0000000008000a18                TIM7_IRQHandler
                0x0000000008000a18                CAN2_TX_IRQHandler
                0x0000000008000a18                TIM5_IRQHandler
                0x0000000008000a18                DMA2_Stream7_IRQHandler
                0x0000000008000a18                I2C3_EV_IRQHandler
                0x0000000008000a18                EXTI9_5_IRQHandler
                0x0000000008000a18                RTC_WKUP_IRQHandler
                0x0000000008000a18                SPDIF_RX_IRQHandler
                0x0000000008000a18                SPI2_IRQHandler
                0x0000000008000a18                OTG_HS_EP1_IN_IRQHandler
                0x0000000008000a18                DMA1_Stream0_IRQHandler
                0x0000000008000a18                CAN1_TX_IRQHandler
                0x0000000008000a18                FMPI2C1_ER_IRQHandler
                0x0000000008000a18                EXTI4_IRQHandler
                0x0000000008000a18                OTG_HS_EP1_OUT_IRQHandler
                0x0000000008000a18                WWDG_IRQHandler
                0x0000000008000a18                TIM2_IRQHandler
                0x0000000008000a18                OTG_FS_WKUP_IRQHandler
                0x0000000008000a18                TIM1_TRG_COM_TIM11_IRQHandler
                0x0000000008000a18                OTG_HS_IRQHandler
                0x0000000008000a18                EXTI1_IRQHandler
                0x0000000008000a18                USART2_IRQHandler
                0x0000000008000a18                I2C2_ER_IRQHandler
                0x0000000008000a18                DMA2_Stream1_IRQHandler
                0x0000000008000a18                CAN1_SCE_IRQHandler
                0x0000000008000a18                FLASH_IRQHandler
                0x0000000008000a18                DMA2_Stream4_IRQHandler
                0x0000000008000a18                USART1_IRQHandler
                0x0000000008000a18                SPI3_IRQHandler
                0x0000000008000a18                DMA1_Stream4_IRQHandler
                0x0000000008000a18                I2C1_ER_IRQHandler
                0x0000000008000a18                FMC_IRQHandler
                0x0000000008000a18                DMA2_Stream6_IRQHandler
                0x0000000008000a18                SAI1_IRQHandler
                0x0000000008000a18                DMA1_Stream3_IRQHandler
 *fill*         0x0000000008000a1a        0x2 
 .text.HAL_Init
                0x0000000008000a1c       0x44 Drivers/STM32F4xx_HAL_Driver/Src/stm32f4xx_hal.o
                0x0000000008000a1c                HAL_Init
 .text.HAL_InitTick
                0x0000000008000a60       0x60 Drivers/STM32F4xx_HAL_Driver/Src/stm32f4xx_hal.o
                0x0000000008000a60                HAL_InitTick
 .text.HAL_IncTick
                0x0000000008000ac0       0x28 Drivers/STM32F4xx_HAL_Driver/Src/stm32f4xx_hal.o
                0x0000000008000ac0                HAL_IncTick
 .text.HAL_GetTick
                0x0000000008000ae8       0x18 Drivers/STM32F4xx_HAL_Driver/Src/stm32f4xx_hal.o
                0x0000000008000ae8                HAL_GetTick
 .text.HAL_Delay
                0x0000000008000b00       0x44 Drivers/STM32F4xx_HAL_Driver/Src/stm32f4xx_hal.o
                0x0000000008000b00                HAL_Delay
 .text.__NVIC_SetPriorityGrouping
                0x0000000008000b44       0x48 Drivers/STM32F4xx_HAL_Driver/Src/stm32f4xx_hal_cortex.o
 .text.__NVIC_GetPriorityGrouping
                0x0000000008000b8c       0x1c Drivers/STM32F4xx_HAL_Driver/Src/stm32f4xx_hal_cortex.o
 .text.__NVIC_EnableIRQ
                0x0000000008000ba8       0x3c Drivers/STM32F4xx_HAL_Driver/Src/stm32f4xx_hal_cortex.o
 .text.__NVIC_SetPriority
                0x0000000008000be4       0x54 Drivers/STM32F4xx_HAL_Driver/Src/stm32f4xx_hal_cortex.o
 .text.NVIC_EncodePriority
                0x0000000008000c38       0x66 Drivers/STM32F4xx_HAL_Driver/Src/stm32f4xx_hal_cortex.o
 *fill*         0x0000000008000c9e        0x2 
 .text.SysTick_Config
                0x0000000008000ca0       0x44 Drivers/STM32F4xx_HAL_Driver/Src/stm32f4xx_hal_cortex.o
 .text.HAL_NVIC_SetPriorityGrouping
                0x0000000008000ce4       0x16 Drivers/STM32F4xx_HAL_Driver/Src/stm32f4xx_hal_cortex.o
                0x0000000008000ce4                HAL_NVIC_SetPriorityGrouping
 .text.HAL_NVIC_SetPriority
                0x0000000008000cfa       0x38 Drivers/STM32F4xx_HAL_Driver/Src/stm32f4xx_hal_cortex.o
                0x0000000008000cfa                HAL_NVIC_SetPriority
 .text.HAL_NVIC_EnableIRQ
                0x0000000008000d32       0x1c Drivers/STM32F4xx_HAL_Driver/Src/stm32f4xx_hal_cortex.o
                0x0000000008000d32                HAL_NVIC_EnableIRQ
 .text.HAL_SYSTICK_Config
                0x0000000008000d4e       0x18 Drivers/STM32F4xx_HAL_Driver/Src/stm32f4xx_hal_cortex.o
                0x0000000008000d4e                HAL_SYSTICK_Config
 *fill*         0x0000000008000d66        0x2 
 .text.HAL_GPIO_Init
                0x0000000008000d68      0x324 Drivers/STM32F4xx_HAL_Driver/Src/stm32f4xx_hal_gpio.o
                0x0000000008000d68                HAL_GPIO_Init
 .text.HAL_GPIO_WritePin
                0x000000000800108c       0x32 Drivers/STM32F4xx_HAL_Driver/Src/stm32f4xx_hal_gpio.o
                0x000000000800108c                HAL_GPIO_WritePin
 .text.HAL_PCD_Init
                0x00000000080010be      0x248 Drivers/STM32F4xx_HAL_Driver/Src/stm32f4xx_hal_pcd.o
                0x00000000080010be                HAL_PCD_Init
 .text.HAL_PCD_Start
                0x0000000008001306       0x66 Drivers/STM32F4xx_HAL_Driver/Src/stm32f4xx_hal_pcd.o
                0x0000000008001306                HAL_PCD_Start
 .text.HAL_PCD_IRQHandler
                0x000000000800136c      0x7fc Drivers/STM32F4xx_HAL_Driver/Src/stm32f4xx_hal_pcd.o
                0x000000000800136c                HAL_PCD_IRQHandler
 .text.HAL_PCD_SetAddress
                0x0000000008001b68       0x4a Drivers/STM32F4xx_HAL_Driver/Src/stm32f4xx_hal_pcd.o
                0x0000000008001b68                HAL_PCD_SetAddress
 .text.HAL_PCD_EP_Open
                0x0000000008001bb2       0xd0 Drivers/STM32F4xx_HAL_Driver/Src/stm32f4xx_hal_pcd.o
                0x0000000008001bb2                HAL_PCD_EP_Open
 .text.HAL_PCD_EP_Close
                0x0000000008001c82       0x94 Drivers/STM32F4xx_HAL_Driver/Src/stm32f4xx_hal_pcd.o
                0x0000000008001c82                HAL_PCD_EP_Close
 .text.HAL_PCD_EP_Receive
                0x0000000008001d16       0x96 Drivers/STM32F4xx_HAL_Driver/Src/stm32f4xx_hal_pcd.o
                0x0000000008001d16                HAL_PCD_EP_Receive
 .text.HAL_PCD_EP_GetRxCount
                0x0000000008001dac       0x30 Drivers/STM32F4xx_HAL_Driver/Src/stm32f4xx_hal_pcd.o
                0x0000000008001dac                HAL_PCD_EP_GetRxCount
 .text.HAL_PCD_EP_Transmit
                0x0000000008001ddc       0x94 Drivers/STM32F4xx_HAL_Driver/Src/stm32f4xx_hal_pcd.o
                0x0000000008001ddc                HAL_PCD_EP_Transmit
 .text.HAL_PCD_EP_SetStall
                0x0000000008001e70       0xc8 Drivers/STM32F4xx_HAL_Driver/Src/stm32f4xx_hal_pcd.o
                0x0000000008001e70                HAL_PCD_EP_SetStall
 .text.HAL_PCD_EP_ClrStall
                0x0000000008001f38       0xac Drivers/STM32F4xx_HAL_Driver/Src/stm32f4xx_hal_pcd.o
                0x0000000008001f38                HAL_PCD_EP_ClrStall
 .text.PCD_WriteEmptyTxFifo
                0x0000000008001fe4      0x11a Drivers/STM32F4xx_HAL_Driver/Src/stm32f4xx_hal_pcd.o
 *fill*         0x00000000080020fe        0x2 
 .text.PCD_EP_OutXfrComplete_int
                0x0000000008002100      0x218 Drivers/STM32F4xx_HAL_Driver/Src/stm32f4xx_hal_pcd.o
 .text.PCD_EP_OutSetupPacket_int
                0x0000000008002318       0x8c Drivers/STM32F4xx_HAL_Driver/Src/stm32f4xx_hal_pcd.o
 .text.HAL_PCDEx_SetTxFiFo
                0x00000000080023a4       0x8e Drivers/STM32F4xx_HAL_Driver/Src/stm32f4xx_hal_pcd_ex.o
                0x00000000080023a4                HAL_PCDEx_SetTxFiFo
 .text.HAL_PCDEx_SetRxFiFo
                0x0000000008002432       0x22 Drivers/STM32F4xx_HAL_Driver/Src/stm32f4xx_hal_pcd_ex.o
                0x0000000008002432                HAL_PCDEx_SetRxFiFo
 .text.HAL_PCDEx_ActivateLPM
                0x0000000008002454       0x48 Drivers/STM32F4xx_HAL_Driver/Src/stm32f4xx_hal_pcd_ex.o
                0x0000000008002454                HAL_PCDEx_ActivateLPM
 .text.HAL_RCC_ClockConfig
                0x000000000800249c      0x1cc Drivers/STM32F4xx_HAL_Driver/Src/stm32f4xx_hal_rcc.o
                0x000000000800249c                HAL_RCC_ClockConfig
 .text.HAL_RCC_GetHCLKFreq
                0x0000000008002668       0x18 Drivers/STM32F4xx_HAL_Driver/Src/stm32f4xx_hal_rcc.o
                0x0000000008002668                HAL_RCC_GetHCLKFreq
 .text.HAL_RCC_GetPCLK1Freq
                0x0000000008002680       0x28 Drivers/STM32F4xx_HAL_Driver/Src/stm32f4xx_hal_rcc.o
                0x0000000008002680                HAL_RCC_GetPCLK1Freq
 .text.HAL_RCC_GetPCLK2Freq
                0x00000000080026a8       0x28 Drivers/STM32F4xx_HAL_Driver/Src/stm32f4xx_hal_rcc.o
                0x00000000080026a8                HAL_RCC_GetPCLK2Freq
 .text.HAL_RCCEx_PeriphCLKConfig
                0x00000000080026d0      0x654 Drivers/STM32F4xx_HAL_Driver/Src/stm32f4xx_hal_rcc_ex.o
                0x00000000080026d0                HAL_RCCEx_PeriphCLKConfig
 .text.HAL_RCC_GetSysClockFreq
                0x0000000008002d24      0x340 Drivers/STM32F4xx_HAL_Driver/Src/stm32f4xx_hal_rcc_ex.o
                0x0000000008002d24                HAL_RCC_GetSysClockFreq
 .text.HAL_RCC_OscConfig
                0x0000000008003064      0x4b4 Drivers/STM32F4xx_HAL_Driver/Src/stm32f4xx_hal_rcc_ex.o
                0x0000000008003064                HAL_RCC_OscConfig
 .text.HAL_UART_Init
                0x0000000008003518       0x9a Drivers/STM32F4xx_HAL_Driver/Src/stm32f4xx_hal_uart.o
                0x0000000008003518                HAL_UART_Init
 *fill*         0x00000000080035b2        0x2 
 .text.UART_SetConfig
                0x00000000080035b4      0x6f8 Drivers/STM32F4xx_HAL_Driver/Src/stm32f4xx_hal_uart.o
 .text.USB_CoreInit
                0x0000000008003cac       0xc2 Drivers/STM32F4xx_HAL_Driver/Src/stm32f4xx_ll_usb.o
                0x0000000008003cac                USB_CoreInit
 *fill*         0x0000000008003d6e        0x2 
 .text.USB_SetTurnaroundTime
                0x0000000008003d70      0x144 Drivers/STM32F4xx_HAL_Driver/Src/stm32f4xx_ll_usb.o
                0x0000000008003d70                USB_SetTurnaroundTime
 .text.USB_EnableGlobalInt
                0x0000000008003eb4       0x22 Drivers/STM32F4xx_HAL_Driver/Src/stm32f4xx_ll_usb.o
                0x0000000008003eb4                USB_EnableGlobalInt
 .text.USB_DisableGlobalInt
                0x0000000008003ed6       0x22 Drivers/STM32F4xx_HAL_Driver/Src/stm32f4xx_ll_usb.o
                0x0000000008003ed6                USB_DisableGlobalInt
 .text.USB_SetCurrentMode
                0x0000000008003ef8       0x54 Drivers/STM32F4xx_HAL_Driver/Src/stm32f4xx_ll_usb.o
                0x0000000008003ef8                USB_SetCurrentMode
 .text.USB_DevInit
                0x0000000008003f4c      0x2bc Drivers/STM32F4xx_HAL_Driver/Src/stm32f4xx_ll_usb.o
                0x0000000008003f4c                USB_DevInit
 .text.USB_FlushTxFifo
                0x0000000008004208       0x4c Drivers/STM32F4xx_HAL_Driver/Src/stm32f4xx_ll_usb.o
                0x0000000008004208                USB_FlushTxFifo
 .text.USB_FlushRxFifo
                0x0000000008004254       0x44 Drivers/STM32F4xx_HAL_Driver/Src/stm32f4xx_ll_usb.o
                0x0000000008004254                USB_FlushRxFifo
 .text.USB_SetDevSpeed
                0x0000000008004298       0x32 Drivers/STM32F4xx_HAL_Driver/Src/stm32f4xx_ll_usb.o
                0x0000000008004298                USB_SetDevSpeed
 .text.USB_GetDevSpeed
                0x00000000080042ca       0x4a Drivers/STM32F4xx_HAL_Driver/Src/stm32f4xx_ll_usb.o
                0x00000000080042ca                USB_GetDevSpeed
 .text.USB_ActivateEndpoint
                0x0000000008004314      0x10e Drivers/STM32F4xx_HAL_Driver/Src/stm32f4xx_ll_usb.o
                0x0000000008004314                USB_ActivateEndpoint
 *fill*         0x0000000008004422        0x2 
 .text.USB_DeactivateEndpoint
                0x0000000008004424      0x1b8 Drivers/STM32F4xx_HAL_Driver/Src/stm32f4xx_ll_usb.o
                0x0000000008004424                USB_DeactivateEndpoint
 .text.USB_EPStartXfer
                0x00000000080045dc      0x488 Drivers/STM32F4xx_HAL_Driver/Src/stm32f4xx_ll_usb.o
                0x00000000080045dc                USB_EPStartXfer
 .text.USB_EP0StartXfer
                0x0000000008004a64      0x2a6 Drivers/STM32F4xx_HAL_Driver/Src/stm32f4xx_ll_usb.o
                0x0000000008004a64                USB_EP0StartXfer
 .text.USB_WritePacket
                0x0000000008004d0a       0x6a Drivers/STM32F4xx_HAL_Driver/Src/stm32f4xx_ll_usb.o
                0x0000000008004d0a                USB_WritePacket
 .text.USB_ReadPacket
                0x0000000008004d74       0x52 Drivers/STM32F4xx_HAL_Driver/Src/stm32f4xx_ll_usb.o
                0x0000000008004d74                USB_ReadPacket
 .text.USB_EPSetStall
                0x0000000008004dc6       0xdc Drivers/STM32F4xx_HAL_Driver/Src/stm32f4xx_ll_usb.o
                0x0000000008004dc6                USB_EPSetStall
 .text.USB_EPClearStall
                0x0000000008004ea2       0xcc Drivers/STM32F4xx_HAL_Driver/Src/stm32f4xx_ll_usb.o
                0x0000000008004ea2                USB_EPClearStall
 .text.USB_SetDevAddress
                0x0000000008004f6e       0x4c Drivers/STM32F4xx_HAL_Driver/Src/stm32f4xx_ll_usb.o
                0x0000000008004f6e                USB_SetDevAddress
 .text.USB_DevConnect
                0x0000000008004fba       0x30 Drivers/STM32F4xx_HAL_Driver/Src/stm32f4xx_ll_usb.o
                0x0000000008004fba                USB_DevConnect
 .text.USB_DevDisconnect
                0x0000000008004fea       0x30 Drivers/STM32F4xx_HAL_Driver/Src/stm32f4xx_ll_usb.o
                0x0000000008004fea                USB_DevDisconnect
 .text.USB_ReadInterrupts
                0x000000000800501a       0x26 Drivers/STM32F4xx_HAL_Driver/Src/stm32f4xx_ll_usb.o
                0x000000000800501a                USB_ReadInterrupts
 .text.USB_ReadDevAllOutEpInterrupt
                0x0000000008005040       0x34 Drivers/STM32F4xx_HAL_Driver/Src/stm32f4xx_ll_usb.o
                0x0000000008005040                USB_ReadDevAllOutEpInterrupt
 .text.USB_ReadDevAllInEpInterrupt
                0x0000000008005074       0x34 Drivers/STM32F4xx_HAL_Driver/Src/stm32f4xx_ll_usb.o
                0x0000000008005074                USB_ReadDevAllInEpInterrupt
 .text.USB_ReadDevOutEPInterrupt
                0x00000000080050a8       0x3c Drivers/STM32F4xx_HAL_Driver/Src/stm32f4xx_ll_usb.o
                0x00000000080050a8                USB_ReadDevOutEPInterrupt
 .text.USB_ReadDevInEPInterrupt
                0x00000000080050e4       0x5c Drivers/STM32F4xx_HAL_Driver/Src/stm32f4xx_ll_usb.o
                0x00000000080050e4                USB_ReadDevInEPInterrupt
 .text.USB_GetMode
                0x0000000008005140       0x1c Drivers/STM32F4xx_HAL_Driver/Src/stm32f4xx_ll_usb.o
                0x0000000008005140                USB_GetMode
 .text.USB_ActivateSetup
                0x000000000800515c       0x46 Drivers/STM32F4xx_HAL_Driver/Src/stm32f4xx_ll_usb.o
                0x000000000800515c                USB_ActivateSetup
 *fill*         0x00000000080051a2        0x2 
 .text.USB_EP0_OutStart
                0x00000000080051a4       0xbc Drivers/STM32F4xx_HAL_Driver/Src/stm32f4xx_ll_usb.o
                0x00000000080051a4                USB_EP0_OutStart
 .text.USB_CoreReset
                0x0000000008005260       0x68 Drivers/STM32F4xx_HAL_Driver/Src/stm32f4xx_ll_usb.o
 .text.USBD_CDC_Init
                0x00000000080052c8      0x100 Middlewares/ST/STM32_USB_Device_Library/Class/CDC/Src/usbd_cdc.o
 .text.USBD_CDC_DeInit
                0x00000000080053c8       0x78 Middlewares/ST/STM32_USB_Device_Library/Class/CDC/Src/usbd_cdc.o
 .text.USBD_CDC_Setup
                0x0000000008005440      0x178 Middlewares/ST/STM32_USB_Device_Library/Class/CDC/Src/usbd_cdc.o
 .text.USBD_CDC_DataIn
                0x00000000080055b8       0xbe Middlewares/ST/STM32_USB_Device_Library/Class/CDC/Src/usbd_cdc.o
 .text.USBD_CDC_DataOut
                0x0000000008005676       0x56 Middlewares/ST/STM32_USB_Device_Library/Class/CDC/Src/usbd_cdc.o
 .text.USBD_CDC_EP0_RxReady
                0x00000000080056cc       0x50 Middlewares/ST/STM32_USB_Device_Library/Class/CDC/Src/usbd_cdc.o
 .text.USBD_CDC_GetFSCfgDesc
                0x000000000800571c       0x20 Middlewares/ST/STM32_USB_Device_Library/Class/CDC/Src/usbd_cdc.o
 .text.USBD_CDC_GetHSCfgDesc
                0x000000000800573c       0x20 Middlewares/ST/STM32_USB_Device_Library/Class/CDC/Src/usbd_cdc.o
 .text.USBD_CDC_GetOtherSpeedCfgDesc
                0x000000000800575c       0x20 Middlewares/ST/STM32_USB_Device_Library/Class/CDC/Src/usbd_cdc.o
 .text.USBD_CDC_GetDeviceQualifierDescriptor
                0x000000000800577c       0x20 Middlewares/ST/STM32_USB_Device_Library/Class/CDC/Src/usbd_cdc.o
                0x000000000800577c                USBD_CDC_GetDeviceQualifierDescriptor
 .text.USBD_CDC_RegisterInterface
                0x000000000800579c       0x2a Middlewares/ST/STM32_USB_Device_Library/Class/CDC/Src/usbd_cdc.o
                0x000000000800579c                USBD_CDC_RegisterInterface
 .text.USBD_CDC_SetTxBuffer
                0x00000000080057c6       0x32 Middlewares/ST/STM32_USB_Device_Library/Class/CDC/Src/usbd_cdc.o
                0x00000000080057c6                USBD_CDC_SetTxBuffer
 .text.USBD_CDC_SetRxBuffer
                0x00000000080057f8       0x28 Middlewares/ST/STM32_USB_Device_Library/Class/CDC/Src/usbd_cdc.o
                0x00000000080057f8                USBD_CDC_SetRxBuffer
 .text.USBD_CDC_ReceivePacket
                0x0000000008005820       0x54 Middlewares/ST/STM32_USB_Device_Library/Class/CDC/Src/usbd_cdc.o
                0x0000000008005820                USBD_CDC_ReceivePacket
 .text.USBD_Init
                0x0000000008005874       0x6c Middlewares/ST/STM32_USB_Device_Library/Core/Src/usbd_core.o
                0x0000000008005874                USBD_Init
 .text.USBD_RegisterClass
                0x00000000080058e0       0x42 Middlewares/ST/STM32_USB_Device_Library/Core/Src/usbd_core.o
                0x00000000080058e0                USBD_RegisterClass
 .text.USBD_Start
                0x0000000008005922       0x18 Middlewares/ST/STM32_USB_Device_Library/Core/Src/usbd_core.o
                0x0000000008005922                USBD_Start
 .text.USBD_RunTestMode
                0x000000000800593a       0x16 Middlewares/ST/STM32_USB_Device_Library/Core/Src/usbd_core.o
                0x000000000800593a                USBD_RunTestMode
 .text.USBD_SetClassConfig
                0x0000000008005950       0x38 Middlewares/ST/STM32_USB_Device_Library/Core/Src/usbd_core.o
                0x0000000008005950                USBD_SetClassConfig
 .text.USBD_ClrClassConfig
                0x0000000008005988       0x30 Middlewares/ST/STM32_USB_Device_Library/Core/Src/usbd_core.o
                0x0000000008005988                USBD_ClrClassConfig
 .text.USBD_LL_SetupStage
                0x00000000080059b8       0xc8 Middlewares/ST/STM32_USB_Device_Library/Core/Src/usbd_core.o
                0x00000000080059b8                USBD_LL_SetupStage
 .text.USBD_LL_DataOutStage
                0x0000000008005a80       0xc6 Middlewares/ST/STM32_USB_Device_Library/Core/Src/usbd_core.o
                0x0000000008005a80                USBD_LL_DataOutStage
 .text.USBD_LL_DataInStage
                0x0000000008005b46      0x12c Middlewares/ST/STM32_USB_Device_Library/Core/Src/usbd_core.o
                0x0000000008005b46                USBD_LL_DataInStage
 .text.USBD_LL_Reset
                0x0000000008005c72       0x82 Middlewares/ST/STM32_USB_Device_Library/Core/Src/usbd_core.o
                0x0000000008005c72                USBD_LL_Reset
 .text.USBD_LL_SetSpeed
                0x0000000008005cf4       0x20 Middlewares/ST/STM32_USB_Device_Library/Core/Src/usbd_core.o
                0x0000000008005cf4                USBD_LL_SetSpeed
 .text.USBD_LL_Suspend
                0x0000000008005d14       0x2a Middlewares/ST/STM32_USB_Device_Library/Core/Src/usbd_core.o
                0x0000000008005d14                USBD_LL_Suspend
 .text.USBD_LL_Resume
                0x0000000008005d3e       0x2c Middlewares/ST/STM32_USB_Device_Library/Core/Src/usbd_core.o
                0x0000000008005d3e                USBD_LL_Resume
 .text.USBD_LL_SOF
                0x0000000008005d6a       0x34 Middlewares/ST/STM32_USB_Device_Library/Core/Src/usbd_core.o
                0x0000000008005d6a                USBD_LL_SOF
 .text.USBD_LL_IsoINIncomplete
                0x0000000008005d9e       0x1a Middlewares/ST/STM32_USB_Device_Library/Core/Src/usbd_core.o
                0x0000000008005d9e                USBD_LL_IsoINIncomplete
 .text.USBD_LL_IsoOUTIncomplete
                0x0000000008005db8       0x1a Middlewares/ST/STM32_USB_Device_Library/Core/Src/usbd_core.o
                0x0000000008005db8                USBD_LL_IsoOUTIncomplete
 .text.USBD_LL_DevConnected
                0x0000000008005dd2       0x16 Middlewares/ST/STM32_USB_Device_Library/Core/Src/usbd_core.o
                0x0000000008005dd2                USBD_LL_DevConnected
 .text.USBD_LL_DevDisconnected
                0x0000000008005de8       0x38 Middlewares/ST/STM32_USB_Device_Library/Core/Src/usbd_core.o
                0x0000000008005de8                USBD_LL_DevDisconnected
 .text.SWAPBYTE
                0x0000000008005e20       0x3c Middlewares/ST/STM32_USB_Device_Library/Core/Src/usbd_ctlreq.o
 .text.USBD_StdDevReq
                0x0000000008005e5c       0xdc Middlewares/ST/STM32_USB_Device_Library/Core/Src/usbd_ctlreq.o
                0x0000000008005e5c                USBD_StdDevReq
 .text.USBD_StdItfReq
                0x0000000008005f38       0x9c Middlewares/ST/STM32_USB_Device_Library/Core/Src/usbd_ctlreq.o
                0x0000000008005f38                USBD_StdItfReq
 .text.USBD_StdEPReq
                0x0000000008005fd4      0x2aa Middlewares/ST/STM32_USB_Device_Library/Core/Src/usbd_ctlreq.o
                0x0000000008005fd4                USBD_StdEPReq
 *fill*         0x000000000800627e        0x2 
 .text.USBD_GetDescriptor
                0x0000000008006280      0x328 Middlewares/ST/STM32_USB_Device_Library/Core/Src/usbd_ctlreq.o
 .text.USBD_SetAddress
                0x00000000080065a8       0x84 Middlewares/ST/STM32_USB_Device_Library/Core/Src/usbd_ctlreq.o
 .text.USBD_SetConfig
                0x000000000800662c      0x148 Middlewares/ST/STM32_USB_Device_Library/Core/Src/usbd_ctlreq.o
 .text.USBD_GetConfig
                0x0000000008006774       0x68 Middlewares/ST/STM32_USB_Device_Library/Core/Src/usbd_ctlreq.o
 .text.USBD_GetStatus
                0x00000000080067dc       0x66 Middlewares/ST/STM32_USB_Device_Library/Core/Src/usbd_ctlreq.o
 .text.USBD_SetFeature
                0x0000000008006842       0x28 Middlewares/ST/STM32_USB_Device_Library/Core/Src/usbd_ctlreq.o
 .text.USBD_ClrFeature
                0x000000000800686a       0x42 Middlewares/ST/STM32_USB_Device_Library/Core/Src/usbd_ctlreq.o
 .text.USBD_ParseSetupRequest
                0x00000000080068ac       0x74 Middlewares/ST/STM32_USB_Device_Library/Core/Src/usbd_ctlreq.o
                0x00000000080068ac                USBD_ParseSetupRequest
 .text.USBD_CtlError
                0x0000000008006920       0x22 Middlewares/ST/STM32_USB_Device_Library/Core/Src/usbd_ctlreq.o
                0x0000000008006920                USBD_CtlError
 .text.USBD_GetString
                0x0000000008006942       0x8c Middlewares/ST/STM32_USB_Device_Library/Core/Src/usbd_ctlreq.o
                0x0000000008006942                USBD_GetString
 .text.USBD_GetLen
                0x00000000080069ce       0x34 Middlewares/ST/STM32_USB_Device_Library/Core/Src/usbd_ctlreq.o
 .text.USBD_CtlSendData
                0x0000000008006a02       0x36 Middlewares/ST/STM32_USB_Device_Library/Core/Src/usbd_ioreq.o
                0x0000000008006a02                USBD_CtlSendData
 .text.USBD_CtlContinueSendData
                0x0000000008006a38       0x22 Middlewares/ST/STM32_USB_Device_Library/Core/Src/usbd_ioreq.o
                0x0000000008006a38                USBD_CtlContinueSendData
 .text.USBD_CtlPrepareRx
                0x0000000008006a5a       0x3a Middlewares/ST/STM32_USB_Device_Library/Core/Src/usbd_ioreq.o
                0x0000000008006a5a                USBD_CtlPrepareRx
 .text.USBD_CtlContinueRx
                0x0000000008006a94       0x22 Middlewares/ST/STM32_USB_Device_Library/Core/Src/usbd_ioreq.o
                0x0000000008006a94                USBD_CtlContinueRx
 .text.USBD_CtlSendStatus
                0x0000000008006ab6       0x26 Middlewares/ST/STM32_USB_Device_Library/Core/Src/usbd_ioreq.o
                0x0000000008006ab6                USBD_CtlSendStatus
 .text.USBD_CtlReceiveStatus
                0x0000000008006adc       0x26 Middlewares/ST/STM32_USB_Device_Library/Core/Src/usbd_ioreq.o
                0x0000000008006adc                USBD_CtlReceiveStatus
 *fill*         0x0000000008006b02        0x2 
 .text.MX_USB_DEVICE_Init
                0x0000000008006b04       0x60 USB_DEVICE/App/usb_device.o
                0x0000000008006b04                MX_USB_DEVICE_Init
 .text.CDC_Init_FS
                0x0000000008006b64       0x28 USB_DEVICE/App/usbd_cdc_if.o
 .text.CDC_DeInit_FS
                0x0000000008006b8c       0x10 USB_DEVICE/App/usbd_cdc_if.o
 .text.CDC_Control_FS
                0x0000000008006b9c       0xbc USB_DEVICE/App/usbd_cdc_if.o
 .text.CDC_Receive_FS
                0x0000000008006c58       0x28 USB_DEVICE/App/usbd_cdc_if.o
 .text.CDC_TransmitCplt_FS
                0x0000000008006c80       0x22 USB_DEVICE/App/usbd_cdc_if.o
 *fill*         0x0000000008006ca2        0x2 
 .text.USBD_FS_DeviceDescriptor
                0x0000000008006ca4       0x24 USB_DEVICE/App/usbd_desc.o
                0x0000000008006ca4                USBD_FS_DeviceDescriptor
 .text.USBD_FS_LangIDStrDescriptor
                0x0000000008006cc8       0x24 USB_DEVICE/App/usbd_desc.o
                0x0000000008006cc8                USBD_FS_LangIDStrDescriptor
 .text.USBD_FS_ProductStrDescriptor
                0x0000000008006cec       0x3c USB_DEVICE/App/usbd_desc.o
                0x0000000008006cec                USBD_FS_ProductStrDescriptor
 .text.USBD_FS_ManufacturerStrDescriptor
                0x0000000008006d28       0x28 USB_DEVICE/App/usbd_desc.o
                0x0000000008006d28                USBD_FS_ManufacturerStrDescriptor
 .text.USBD_FS_SerialStrDescriptor
                0x0000000008006d50       0x24 USB_DEVICE/App/usbd_desc.o
                0x0000000008006d50                USBD_FS_SerialStrDescriptor
 .text.USBD_FS_ConfigStrDescriptor
                0x0000000008006d74       0x3c USB_DEVICE/App/usbd_desc.o
                0x0000000008006d74                USBD_FS_ConfigStrDescriptor
 .text.USBD_FS_InterfaceStrDescriptor
                0x0000000008006db0       0x3c USB_DEVICE/App/usbd_desc.o
                0x0000000008006db0                USBD_FS_InterfaceStrDescriptor
 .text.USBD_FS_USR_BOSDescriptor
                0x0000000008006dec       0x24 USB_DEVICE/App/usbd_desc.o
                0x0000000008006dec                USBD_FS_USR_BOSDescriptor
 .text.Get_SerialNum
                0x0000000008006e10       0x58 USB_DEVICE/App/usbd_desc.o
 .text.IntToUnicode
                0x0000000008006e68       0x7c USB_DEVICE/App/usbd_desc.o
 .text.HAL_PCD_MspInit
                0x0000000008006ee4       0xc4 USB_DEVICE/Target/usbd_conf.o
                0x0000000008006ee4                HAL_PCD_MspInit
 .text.HAL_PCD_SetupStageCallback
                0x0000000008006fa8       0x24 USB_DEVICE/Target/usbd_conf.o
                0x0000000008006fa8                HAL_PCD_SetupStageCallback
 .text.HAL_PCD_DataOutStageCallback
                0x0000000008006fcc       0x36 USB_DEVICE/Target/usbd_conf.o
                0x0000000008006fcc                HAL_PCD_DataOutStageCallback
 .text.HAL_PCD_DataInStageCallback
                0x0000000008007002       0x34 USB_DEVICE/Target/usbd_conf.o
                0x0000000008007002                HAL_PCD_DataInStageCallback
 .text.HAL_PCD_SOFCallback
                0x0000000008007036       0x1c USB_DEVICE/Target/usbd_conf.o
                0x0000000008007036                HAL_PCD_SOFCallback
 .text.HAL_PCD_ResetCallback
                0x0000000008007052       0x50 USB_DEVICE/Target/usbd_conf.o
                0x0000000008007052                HAL_PCD_ResetCallback
 *fill*         0x00000000080070a2        0x2 
 .text.HAL_PCD_SuspendCallback
                0x00000000080070a4       0x4c USB_DEVICE/Target/usbd_conf.o
                0x00000000080070a4                HAL_PCD_SuspendCallback
 .text.HAL_PCD_ResumeCallback
                0x00000000080070f0       0x1c USB_DEVICE/Target/usbd_conf.o
                0x00000000080070f0                HAL_PCD_ResumeCallback
 .text.HAL_PCD_ISOOUTIncompleteCallback
                0x000000000800710c       0x24 USB_DEVICE/Target/usbd_conf.o
                0x000000000800710c                HAL_PCD_ISOOUTIncompleteCallback
 .text.HAL_PCD_ISOINIncompleteCallback
                0x0000000008007130       0x24 USB_DEVICE/Target/usbd_conf.o
                0x0000000008007130                HAL_PCD_ISOINIncompleteCallback
 .text.HAL_PCD_ConnectCallback
                0x0000000008007154       0x1c USB_DEVICE/Target/usbd_conf.o
                0x0000000008007154                HAL_PCD_ConnectCallback
 .text.HAL_PCD_DisconnectCallback
                0x0000000008007170       0x1c USB_DEVICE/Target/usbd_conf.o
                0x0000000008007170                HAL_PCD_DisconnectCallback
 .text.USBD_LL_Init
                0x000000000800718c       0x98 USB_DEVICE/Target/usbd_conf.o
                0x000000000800718c                USBD_LL_Init
 .text.USBD_LL_Start
                0x0000000008007224       0x36 USB_DEVICE/Target/usbd_conf.o
                0x0000000008007224                USBD_LL_Start
 .text.USBD_LL_OpenEP
                0x000000000800725a       0x4c USB_DEVICE/Target/usbd_conf.o
                0x000000000800725a                USBD_LL_OpenEP
 .text.USBD_LL_CloseEP
                0x00000000080072a6       0x3e USB_DEVICE/Target/usbd_conf.o
                0x00000000080072a6                USBD_LL_CloseEP
 .text.USBD_LL_StallEP
                0x00000000080072e4       0x3e USB_DEVICE/Target/usbd_conf.o
                0x00000000080072e4                USBD_LL_StallEP
 .text.USBD_LL_ClearStallEP
                0x0000000008007322       0x3e USB_DEVICE/Target/usbd_conf.o
                0x0000000008007322                USBD_LL_ClearStallEP
 .text.USBD_LL_IsStallEP
                0x0000000008007360       0x58 USB_DEVICE/Target/usbd_conf.o
                0x0000000008007360                USBD_LL_IsStallEP
 .text.USBD_LL_SetUSBAddress
                0x00000000080073b8       0x3e USB_DEVICE/Target/usbd_conf.o
                0x00000000080073b8                USBD_LL_SetUSBAddress
 .text.USBD_LL_Transmit
                0x00000000080073f6       0x42 USB_DEVICE/Target/usbd_conf.o
                0x00000000080073f6                USBD_LL_Transmit
 .text.USBD_LL_PrepareReceive
                0x0000000008007438       0x42 USB_DEVICE/Target/usbd_conf.o
                0x0000000008007438                USBD_LL_PrepareReceive
 .text.USBD_LL_GetRxDataSize
                0x000000000800747a       0x26 USB_DEVICE/Target/usbd_conf.o
                0x000000000800747a                USBD_LL_GetRxDataSize
 .text.HAL_PCDEx_LPM_Callback
                0x00000000080074a0       0x9c USB_DEVICE/Target/usbd_conf.o
                0x00000000080074a0                HAL_PCDEx_LPM_Callback
 .text.USBD_Get_USB_Status
                0x000000000800753c       0x58 USB_DEVICE/Target/usbd_conf.o
                0x000000000800753c                USBD_Get_USB_Status
 .text.__errno  0x0000000008007594        0xc c:/st/stm32cubeide_1.3.0/stm32cubeide/plugins/com.st.stm32cube.ide.mcu.externaltools.gnu-tools-for-stm32.7-2018-q2-update.win32_1.0.0.201904181610/tools/bin/../lib/gcc/arm-none-eabi/7.3.1/../../../../arm-none-eabi/lib/thumb/v7e-m/fpv4-sp/hard\libc_nano.a(lib_a-errno.o)
                0x0000000008007594                __errno
 .text.__libc_init_array
                0x00000000080075a0       0x48 c:/st/stm32cubeide_1.3.0/stm32cubeide/plugins/com.st.stm32cube.ide.mcu.externaltools.gnu-tools-for-stm32.7-2018-q2-update.win32_1.0.0.201904181610/tools/bin/../lib/gcc/arm-none-eabi/7.3.1/../../../../arm-none-eabi/lib/thumb/v7e-m/fpv4-sp/hard\libc_nano.a(lib_a-init.o)
                0x00000000080075a0                __libc_init_array
 .text.malloc   0x00000000080075e8       0x10 c:/st/stm32cubeide_1.3.0/stm32cubeide/plugins/com.st.stm32cube.ide.mcu.externaltools.gnu-tools-for-stm32.7-2018-q2-update.win32_1.0.0.201904181610/tools/bin/../lib/gcc/arm-none-eabi/7.3.1/../../../../arm-none-eabi/lib/thumb/v7e-m/fpv4-sp/hard\libc_nano.a(lib_a-malloc.o)
                0x00000000080075e8                malloc
 .text.free     0x00000000080075f8       0x10 c:/st/stm32cubeide_1.3.0/stm32cubeide/plugins/com.st.stm32cube.ide.mcu.externaltools.gnu-tools-for-stm32.7-2018-q2-update.win32_1.0.0.201904181610/tools/bin/../lib/gcc/arm-none-eabi/7.3.1/../../../../arm-none-eabi/lib/thumb/v7e-m/fpv4-sp/hard\libc_nano.a(lib_a-malloc.o)
                0x00000000080075f8                free
 .text.memset   0x0000000008007608       0x10 c:/st/stm32cubeide_1.3.0/stm32cubeide/plugins/com.st.stm32cube.ide.mcu.externaltools.gnu-tools-for-stm32.7-2018-q2-update.win32_1.0.0.201904181610/tools/bin/../lib/gcc/arm-none-eabi/7.3.1/../../../../arm-none-eabi/lib/thumb/v7e-m/fpv4-sp/hard\libc_nano.a(lib_a-memset.o)
                0x0000000008007608                memset
 .text._free_r  0x0000000008007618       0x9c c:/st/stm32cubeide_1.3.0/stm32cubeide/plugins/com.st.stm32cube.ide.mcu.externaltools.gnu-tools-for-stm32.7-2018-q2-update.win32_1.0.0.201904181610/tools/bin/../lib/gcc/arm-none-eabi/7.3.1/../../../../arm-none-eabi/lib/thumb/v7e-m/fpv4-sp/hard\libc_nano.a(lib_a-nano-freer.o)
                0x0000000008007618                _free_r
 .text._malloc_r
                0x00000000080076b4       0xb4 c:/st/stm32cubeide_1.3.0/stm32cubeide/plugins/com.st.stm32cube.ide.mcu.externaltools.gnu-tools-for-stm32.7-2018-q2-update.win32_1.0.0.201904181610/tools/bin/../lib/gcc/arm-none-eabi/7.3.1/../../../../arm-none-eabi/lib/thumb/v7e-m/fpv4-sp/hard\libc_nano.a(lib_a-nano-mallocr.o)
                0x00000000080076b4                _malloc_r
 .text._sbrk_r  0x0000000008007768       0x20 c:/st/stm32cubeide_1.3.0/stm32cubeide/plugins/com.st.stm32cube.ide.mcu.externaltools.gnu-tools-for-stm32.7-2018-q2-update.win32_1.0.0.201904181610/tools/bin/../lib/gcc/arm-none-eabi/7.3.1/../../../../arm-none-eabi/lib/thumb/v7e-m/fpv4-sp/hard\libc_nano.a(lib_a-sbrkr.o)
                0x0000000008007768                _sbrk_r
 .text.__malloc_lock
                0x0000000008007788        0x2 c:/st/stm32cubeide_1.3.0/stm32cubeide/plugins/com.st.stm32cube.ide.mcu.externaltools.gnu-tools-for-stm32.7-2018-q2-update.win32_1.0.0.201904181610/tools/bin/../lib/gcc/arm-none-eabi/7.3.1/../../../../arm-none-eabi/lib/thumb/v7e-m/fpv4-sp/hard\libc_nano.a(lib_a-mlock.o)
                0x0000000008007788                __malloc_lock
 .text.__malloc_unlock
                0x000000000800778a        0x2 c:/st/stm32cubeide_1.3.0/stm32cubeide/plugins/com.st.stm32cube.ide.mcu.externaltools.gnu-tools-for-stm32.7-2018-q2-update.win32_1.0.0.201904181610/tools/bin/../lib/gcc/arm-none-eabi/7.3.1/../../../../arm-none-eabi/lib/thumb/v7e-m/fpv4-sp/hard\libc_nano.a(lib_a-mlock.o)
                0x000000000800778a                __malloc_unlock
 *(.glue_7)
 .glue_7        0x000000000800778c        0x0 linker stubs
 *(.glue_7t)
 .glue_7t       0x000000000800778c        0x0 linker stubs
 *(.eh_frame)
 .eh_frame      0x000000000800778c        0x0 c:/st/stm32cubeide_1.3.0/stm32cubeide/plugins/com.st.stm32cube.ide.mcu.externaltools.gnu-tools-for-stm32.7-2018-q2-update.win32_1.0.0.201904181610/tools/bin/../lib/gcc/arm-none-eabi/7.3.1/thumb/v7e-m/fpv4-sp/hard/crtbegin.o
 *(.init)
 .init          0x000000000800778c        0x4 c:/st/stm32cubeide_1.3.0/stm32cubeide/plugins/com.st.stm32cube.ide.mcu.externaltools.gnu-tools-for-stm32.7-2018-q2-update.win32_1.0.0.201904181610/tools/bin/../lib/gcc/arm-none-eabi/7.3.1/thumb/v7e-m/fpv4-sp/hard/crti.o
                0x000000000800778c                _init
 .init          0x0000000008007790        0x8 c:/st/stm32cubeide_1.3.0/stm32cubeide/plugins/com.st.stm32cube.ide.mcu.externaltools.gnu-tools-for-stm32.7-2018-q2-update.win32_1.0.0.201904181610/tools/bin/../lib/gcc/arm-none-eabi/7.3.1/thumb/v7e-m/fpv4-sp/hard/crtn.o
 *(.fini)
 .fini          0x0000000008007798        0x4 c:/st/stm32cubeide_1.3.0/stm32cubeide/plugins/com.st.stm32cube.ide.mcu.externaltools.gnu-tools-for-stm32.7-2018-q2-update.win32_1.0.0.201904181610/tools/bin/../lib/gcc/arm-none-eabi/7.3.1/thumb/v7e-m/fpv4-sp/hard/crti.o
                0x0000000008007798                _fini
 .fini          0x000000000800779c        0x8 c:/st/stm32cubeide_1.3.0/stm32cubeide/plugins/com.st.stm32cube.ide.mcu.externaltools.gnu-tools-for-stm32.7-2018-q2-update.win32_1.0.0.201904181610/tools/bin/../lib/gcc/arm-none-eabi/7.3.1/thumb/v7e-m/fpv4-sp/hard/crtn.o
                0x00000000080077a4                . = ALIGN (0x4)
                0x00000000080077a4                _etext = .

.vfp11_veneer   0x00000000080077a4        0x0
 .vfp11_veneer  0x00000000080077a4        0x0 linker stubs

.v4_bx          0x00000000080077a4        0x0
 .v4_bx         0x00000000080077a4        0x0 linker stubs

.iplt           0x00000000080077a4        0x0
 .iplt          0x00000000080077a4        0x0 c:/st/stm32cubeide_1.3.0/stm32cubeide/plugins/com.st.stm32cube.ide.mcu.externaltools.gnu-tools-for-stm32.7-2018-q2-update.win32_1.0.0.201904181610/tools/bin/../lib/gcc/arm-none-eabi/7.3.1/thumb/v7e-m/fpv4-sp/hard/crtbegin.o

.rodata         0x00000000080077a4       0x64
                0x00000000080077a4                . = ALIGN (0x4)
 *(.rodata)
 .rodata        0x00000000080077a4       0x4a USB_DEVICE/App/usbd_desc.o
 *(.rodata*)
 *fill*         0x00000000080077ee        0x2 
 .rodata.AHBPrescTable
                0x00000000080077f0       0x10 Core/Src/system_stm32f4xx.o
                0x00000000080077f0                AHBPrescTable
 .rodata.APBPrescTable
                0x0000000008007800        0x8 Core/Src/system_stm32f4xx.o
                0x0000000008007800                APBPrescTable
                0x0000000008007808                . = ALIGN (0x4)

.ARM.extab      0x0000000008007808        0x0
                0x0000000008007808                . = ALIGN (0x4)
 *(.ARM.extab* .gnu.linkonce.armextab.*)
                0x0000000008007808                . = ALIGN (0x4)

.ARM            0x0000000008007808        0x8
                0x0000000008007808                . = ALIGN (0x4)
                0x0000000008007808                __exidx_start = .
 *(.ARM.exidx*)
 .ARM.exidx     0x0000000008007808        0x8 c:/st/stm32cubeide_1.3.0/stm32cubeide/plugins/com.st.stm32cube.ide.mcu.externaltools.gnu-tools-for-stm32.7-2018-q2-update.win32_1.0.0.201904181610/tools/bin/../lib/gcc/arm-none-eabi/7.3.1/thumb/v7e-m/fpv4-sp/hard\libgcc.a(_udivmoddi4.o)
                0x0000000008007810                __exidx_end = .
                0x0000000008007810                . = ALIGN (0x4)

.rel.dyn        0x0000000008007810        0x0
 .rel.iplt      0x0000000008007810        0x0 c:/st/stm32cubeide_1.3.0/stm32cubeide/plugins/com.st.stm32cube.ide.mcu.externaltools.gnu-tools-for-stm32.7-2018-q2-update.win32_1.0.0.201904181610/tools/bin/../lib/gcc/arm-none-eabi/7.3.1/thumb/v7e-m/fpv4-sp/hard/crtbegin.o

.preinit_array  0x0000000008007810        0x0
                0x0000000008007810                . = ALIGN (0x4)
                0x0000000008007810                PROVIDE (__preinit_array_start = .)
 *(.preinit_array*)
                0x0000000008007810                PROVIDE (__preinit_array_end = .)
                0x0000000008007810                . = ALIGN (0x4)

.init_array     0x0000000008007810        0x4
                0x0000000008007810                . = ALIGN (0x4)
                0x0000000008007810                PROVIDE (__init_array_start = .)
 *(SORT_BY_NAME(.init_array.*))
 *(.init_array*)
 .init_array    0x0000000008007810        0x4 c:/st/stm32cubeide_1.3.0/stm32cubeide/plugins/com.st.stm32cube.ide.mcu.externaltools.gnu-tools-for-stm32.7-2018-q2-update.win32_1.0.0.201904181610/tools/bin/../lib/gcc/arm-none-eabi/7.3.1/thumb/v7e-m/fpv4-sp/hard/crtbegin.o
                0x0000000008007814                PROVIDE (__init_array_end = .)
                0x0000000008007814                . = ALIGN (0x4)

.fini_array     0x0000000008007814        0x4
                0x0000000008007814                . = ALIGN (0x4)
                [!provide]                        PROVIDE (__fini_array_start = .)
 *(SORT_BY_NAME(.fini_array.*))
 *(.fini_array*)
 .fini_array    0x0000000008007814        0x4 c:/st/stm32cubeide_1.3.0/stm32cubeide/plugins/com.st.stm32cube.ide.mcu.externaltools.gnu-tools-for-stm32.7-2018-q2-update.win32_1.0.0.201904181610/tools/bin/../lib/gcc/arm-none-eabi/7.3.1/thumb/v7e-m/fpv4-sp/hard/crtbegin.o
                [!provide]                        PROVIDE (__fini_array_end = .)
                0x0000000008007818                . = ALIGN (0x4)
                0x0000000008007818                _sidata = LOADADDR (.data)

.data           0x0000000020000000      0x1f4 load address 0x0000000008007818
                0x0000000020000000                . = ALIGN (0x4)
                0x0000000020000000                _sdata = .
 *(.data)
 *(.data*)
 .data.SystemCoreClock
                0x0000000020000000        0x4 Core/Src/system_stm32f4xx.o
                0x0000000020000000                SystemCoreClock
 .data.uwTickPrio
                0x0000000020000004        0x4 Drivers/STM32F4xx_HAL_Driver/Src/stm32f4xx_hal.o
                0x0000000020000004                uwTickPrio
 .data.uwTickFreq
                0x0000000020000008        0x1 Drivers/STM32F4xx_HAL_Driver/Src/stm32f4xx_hal.o
                0x0000000020000008                uwTickFreq
 *fill*         0x0000000020000009        0x3 
 .data.USBD_CDC_DeviceQualifierDesc
                0x000000002000000c        0xa Middlewares/ST/STM32_USB_Device_Library/Class/CDC/Src/usbd_cdc.o
 *fill*         0x0000000020000016        0x2 
 .data.USBD_CDC
                0x0000000020000018       0x38 Middlewares/ST/STM32_USB_Device_Library/Class/CDC/Src/usbd_cdc.o
                0x0000000020000018                USBD_CDC
 .data.USBD_CDC_CfgHSDesc
                0x0000000020000050       0x43 Middlewares/ST/STM32_USB_Device_Library/Class/CDC/Src/usbd_cdc.o
 *fill*         0x0000000020000093        0x1 
 .data.USBD_CDC_CfgFSDesc
                0x0000000020000094       0x43 Middlewares/ST/STM32_USB_Device_Library/Class/CDC/Src/usbd_cdc.o
 *fill*         0x00000000200000d7        0x1 
 .data.USBD_CDC_OtherSpeedCfgDesc
                0x00000000200000d8       0x43 Middlewares/ST/STM32_USB_Device_Library/Class/CDC/Src/usbd_cdc.o
 *fill*         0x000000002000011b        0x1 
 .data.USBD_Interface_fops_FS
                0x000000002000011c       0x14 USB_DEVICE/App/usbd_cdc_if.o
                0x000000002000011c                USBD_Interface_fops_FS
 .data.FS_Desc  0x0000000020000130       0x20 USB_DEVICE/App/usbd_desc.o
                0x0000000020000130                FS_Desc
 .data.USBD_FS_DeviceDesc
                0x0000000020000150       0x12 USB_DEVICE/App/usbd_desc.o
                0x0000000020000150                USBD_FS_DeviceDesc
 *fill*         0x0000000020000162        0x2 
 .data.USBD_FS_BOSDesc
                0x0000000020000164        0xc USB_DEVICE/App/usbd_desc.o
                0x0000000020000164                USBD_FS_BOSDesc
 .data.USBD_LangIDDesc
                0x0000000020000170        0x4 USB_DEVICE/App/usbd_desc.o
                0x0000000020000170                USBD_LangIDDesc
 .data.USBD_StringSerial
                0x0000000020000174       0x1a USB_DEVICE/App/usbd_desc.o
                0x0000000020000174                USBD_StringSerial
 *fill*         0x000000002000018e        0x2 
 .data._impure_ptr
                0x0000000020000190        0x4 c:/st/stm32cubeide_1.3.0/stm32cubeide/plugins/com.st.stm32cube.ide.mcu.externaltools.gnu-tools-for-stm32.7-2018-q2-update.win32_1.0.0.201904181610/tools/bin/../lib/gcc/arm-none-eabi/7.3.1/../../../../arm-none-eabi/lib/thumb/v7e-m/fpv4-sp/hard\libc_nano.a(lib_a-impure.o)
                0x0000000020000190                _impure_ptr
 .data.impure_data
                0x0000000020000194       0x60 c:/st/stm32cubeide_1.3.0/stm32cubeide/plugins/com.st.stm32cube.ide.mcu.externaltools.gnu-tools-for-stm32.7-2018-q2-update.win32_1.0.0.201904181610/tools/bin/../lib/gcc/arm-none-eabi/7.3.1/../../../../arm-none-eabi/lib/thumb/v7e-m/fpv4-sp/hard\libc_nano.a(lib_a-impure.o)
                0x00000000200001f4                . = ALIGN (0x4)
                0x00000000200001f4                _edata = .

.igot.plt       0x00000000200001f4        0x0 load address 0x0000000008007a0c
 .igot.plt      0x00000000200001f4        0x0 c:/st/stm32cubeide_1.3.0/stm32cubeide/plugins/com.st.stm32cube.ide.mcu.externaltools.gnu-tools-for-stm32.7-2018-q2-update.win32_1.0.0.201904181610/tools/bin/../lib/gcc/arm-none-eabi/7.3.1/thumb/v7e-m/fpv4-sp/hard/crtbegin.o
                0x00000000200001f4                . = ALIGN (0x4)

.bss            0x00000000200001f4     0x2760 load address 0x0000000008007a0c
                0x00000000200001f4                _sbss = .
                0x00000000200001f4                __bss_start__ = _sbss
 *(.bss)
 .bss           0x00000000200001f4       0x1c c:/st/stm32cubeide_1.3.0/stm32cubeide/plugins/com.st.stm32cube.ide.mcu.externaltools.gnu-tools-for-stm32.7-2018-q2-update.win32_1.0.0.201904181610/tools/bin/../lib/gcc/arm-none-eabi/7.3.1/thumb/v7e-m/fpv4-sp/hard/crtbegin.o
 *(.bss*)
 .bss.heap_end.6424
                0x0000000020000210        0x4 Core/Src/sysmem.o
 .bss.cfgidx.9936
                0x0000000020000214        0x1 Middlewares/ST/STM32_USB_Device_Library/Core/Src/usbd_ctlreq.o
 *fill*         0x0000000020000215        0x3 
 .bss.__malloc_free_list
                0x0000000020000218        0x4 c:/st/stm32cubeide_1.3.0/stm32cubeide/plugins/com.st.stm32cube.ide.mcu.externaltools.gnu-tools-for-stm32.7-2018-q2-update.win32_1.0.0.201904181610/tools/bin/../lib/gcc/arm-none-eabi/7.3.1/../../../../arm-none-eabi/lib/thumb/v7e-m/fpv4-sp/hard\libc_nano.a(lib_a-nano-mallocr.o)
                0x0000000020000218                __malloc_free_list
 .bss.__malloc_sbrk_start
                0x000000002000021c        0x4 c:/st/stm32cubeide_1.3.0/stm32cubeide/plugins/com.st.stm32cube.ide.mcu.externaltools.gnu-tools-for-stm32.7-2018-q2-update.win32_1.0.0.201904181610/tools/bin/../lib/gcc/arm-none-eabi/7.3.1/../../../../arm-none-eabi/lib/thumb/v7e-m/fpv4-sp/hard\libc_nano.a(lib_a-nano-mallocr.o)
                0x000000002000021c                __malloc_sbrk_start
 *(COMMON)
 COMMON         0x0000000020000220      0xe54 Core/Src/main.o
                0x0000000020000220                usbEventNo
                0x0000000020000224                huart3
                0x0000000020000264                usbEvents
                0x0000000020000714                usbReq
 COMMON         0x0000000020001074        0x4 Drivers/STM32F4xx_HAL_Driver/Src/stm32f4xx_hal.o
                0x0000000020001074                uwTick
 COMMON         0x0000000020001078      0x2d0 USB_DEVICE/App/usb_device.o
                0x0000000020001078                hUsbDeviceFS
 COMMON         0x0000000020001348     0x1000 USB_DEVICE/App/usbd_cdc_if.o
                0x0000000020001348                UserRxBufferFS
                0x0000000020001b48                UserTxBufferFS
 COMMON         0x0000000020002348      0x200 USB_DEVICE/App/usbd_desc.o
                0x0000000020002348                USBD_StrDesc
 COMMON         0x0000000020002548      0x408 USB_DEVICE/Target/usbd_conf.o
                0x0000000020002548                hpcd_USB_OTG_FS
 COMMON         0x0000000020002950        0x4 c:/st/stm32cubeide_1.3.0/stm32cubeide/plugins/com.st.stm32cube.ide.mcu.externaltools.gnu-tools-for-stm32.7-2018-q2-update.win32_1.0.0.201904181610/tools/bin/../lib/gcc/arm-none-eabi/7.3.1/../../../../arm-none-eabi/lib/thumb/v7e-m/fpv4-sp/hard\libc_nano.a(lib_a-reent.o)
                0x0000000020002950                errno
                0x0000000020002954                . = ALIGN (0x4)
                0x0000000020002954                _ebss = .
                0x0000000020002954                __bss_end__ = _ebss

._user_heap_stack
                0x0000000020002954      0x604 load address 0x0000000008007a0c
                0x0000000020002958                . = ALIGN (0x8)
 *fill*         0x0000000020002954        0x4 
                0x0000000020002958                PROVIDE (end = .)
                [!provide]                        PROVIDE (_end = .)
                0x0000000020002b58                . = (. + _Min_Heap_Size)
 *fill*         0x0000000020002958      0x200 
                0x0000000020002f58                . = (. + _Min_Stack_Size)
 *fill*         0x0000000020002b58      0x400 
                0x0000000020002f58                . = ALIGN (0x8)

/DISCARD/
 libc.a(*)
 libm.a(*)
 libgcc.a(*)

.ARM.attributes
                0x0000000000000000       0x30
 *(.ARM.attributes)
 .ARM.attributes
                0x0000000000000000       0x22 c:/st/stm32cubeide_1.3.0/stm32cubeide/plugins/com.st.stm32cube.ide.mcu.externaltools.gnu-tools-for-stm32.7-2018-q2-update.win32_1.0.0.201904181610/tools/bin/../lib/gcc/arm-none-eabi/7.3.1/thumb/v7e-m/fpv4-sp/hard/crti.o
 .ARM.attributes
                0x0000000000000022       0x34 c:/st/stm32cubeide_1.3.0/stm32cubeide/plugins/com.st.stm32cube.ide.mcu.externaltools.gnu-tools-for-stm32.7-2018-q2-update.win32_1.0.0.201904181610/tools/bin/../lib/gcc/arm-none-eabi/7.3.1/thumb/v7e-m/fpv4-sp/hard/crtbegin.o
 .ARM.attributes
                0x0000000000000056       0x39 Core/Src/main.o
 .ARM.attributes
                0x000000000000008f       0x39 Core/Src/stm32f4xx_hal_msp.o
 .ARM.attributes
                0x00000000000000c8       0x39 Core/Src/stm32f4xx_it.o
 .ARM.attributes
                0x0000000000000101       0x39 Core/Src/sysmem.o
 .ARM.attributes
                0x000000000000013a       0x39 Core/Src/system_stm32f4xx.o
 .ARM.attributes
                0x0000000000000173       0x21 Core/Startup/startup_stm32f446zetx.o
 .ARM.attributes
                0x0000000000000194       0x39 Drivers/STM32F4xx_HAL_Driver/Src/stm32f4xx_hal.o
 .ARM.attributes
                0x00000000000001cd       0x39 Drivers/STM32F4xx_HAL_Driver/Src/stm32f4xx_hal_cortex.o
 .ARM.attributes
                0x0000000000000206       0x39 Drivers/STM32F4xx_HAL_Driver/Src/stm32f4xx_hal_gpio.o
 .ARM.attributes
                0x000000000000023f       0x39 Drivers/STM32F4xx_HAL_Driver/Src/stm32f4xx_hal_pcd.o
 .ARM.attributes
                0x0000000000000278       0x39 Drivers/STM32F4xx_HAL_Driver/Src/stm32f4xx_hal_pcd_ex.o
 .ARM.attributes
                0x00000000000002b1       0x39 Drivers/STM32F4xx_HAL_Driver/Src/stm32f4xx_hal_rcc.o
 .ARM.attributes
                0x00000000000002ea       0x39 Drivers/STM32F4xx_HAL_Driver/Src/stm32f4xx_hal_rcc_ex.o
 .ARM.attributes
                0x0000000000000323       0x39 Drivers/STM32F4xx_HAL_Driver/Src/stm32f4xx_hal_uart.o
 .ARM.attributes
                0x000000000000035c       0x39 Drivers/STM32F4xx_HAL_Driver/Src/stm32f4xx_ll_usb.o
 .ARM.attributes
                0x0000000000000395       0x39 Middlewares/ST/STM32_USB_Device_Library/Class/CDC/Src/usbd_cdc.o
 .ARM.attributes
                0x00000000000003ce       0x39 Middlewares/ST/STM32_USB_Device_Library/Core/Src/usbd_core.o
 .ARM.attributes
                0x0000000000000407       0x39 Middlewares/ST/STM32_USB_Device_Library/Core/Src/usbd_ctlreq.o
 .ARM.attributes
                0x0000000000000440       0x39 Middlewares/ST/STM32_USB_Device_Library/Core/Src/usbd_ioreq.o
 .ARM.attributes
                0x0000000000000479       0x39 USB_DEVICE/App/usb_device.o
 .ARM.attributes
                0x00000000000004b2       0x39 USB_DEVICE/App/usbd_cdc_if.o
 .ARM.attributes
                0x00000000000004eb       0x39 USB_DEVICE/App/usbd_desc.o
 .ARM.attributes
                0x0000000000000524       0x39 USB_DEVICE/Target/usbd_conf.o
 .ARM.attributes
                0x000000000000055d       0x34 c:/st/stm32cubeide_1.3.0/stm32cubeide/plugins/com.st.stm32cube.ide.mcu.externaltools.gnu-tools-for-stm32.7-2018-q2-update.win32_1.0.0.201904181610/tools/bin/../lib/gcc/arm-none-eabi/7.3.1/../../../../arm-none-eabi/lib/thumb/v7e-m/fpv4-sp/hard\libc_nano.a(lib_a-errno.o)
 .ARM.attributes
                0x0000000000000591       0x34 c:/st/stm32cubeide_1.3.0/stm32cubeide/plugins/com.st.stm32cube.ide.mcu.externaltools.gnu-tools-for-stm32.7-2018-q2-update.win32_1.0.0.201904181610/tools/bin/../lib/gcc/arm-none-eabi/7.3.1/../../../../arm-none-eabi/lib/thumb/v7e-m/fpv4-sp/hard\libc_nano.a(lib_a-impure.o)
 .ARM.attributes
                0x00000000000005c5       0x34 c:/st/stm32cubeide_1.3.0/stm32cubeide/plugins/com.st.stm32cube.ide.mcu.externaltools.gnu-tools-for-stm32.7-2018-q2-update.win32_1.0.0.201904181610/tools/bin/../lib/gcc/arm-none-eabi/7.3.1/../../../../arm-none-eabi/lib/thumb/v7e-m/fpv4-sp/hard\libc_nano.a(lib_a-init.o)
 .ARM.attributes
                0x00000000000005f9       0x34 c:/st/stm32cubeide_1.3.0/stm32cubeide/plugins/com.st.stm32cube.ide.mcu.externaltools.gnu-tools-for-stm32.7-2018-q2-update.win32_1.0.0.201904181610/tools/bin/../lib/gcc/arm-none-eabi/7.3.1/../../../../arm-none-eabi/lib/thumb/v7e-m/fpv4-sp/hard\libc_nano.a(lib_a-malloc.o)
 .ARM.attributes
                0x000000000000062d       0x34 c:/st/stm32cubeide_1.3.0/stm32cubeide/plugins/com.st.stm32cube.ide.mcu.externaltools.gnu-tools-for-stm32.7-2018-q2-update.win32_1.0.0.201904181610/tools/bin/../lib/gcc/arm-none-eabi/7.3.1/../../../../arm-none-eabi/lib/thumb/v7e-m/fpv4-sp/hard\libc_nano.a(lib_a-memset.o)
 .ARM.attributes
                0x0000000000000661       0x34 c:/st/stm32cubeide_1.3.0/stm32cubeide/plugins/com.st.stm32cube.ide.mcu.externaltools.gnu-tools-for-stm32.7-2018-q2-update.win32_1.0.0.201904181610/tools/bin/../lib/gcc/arm-none-eabi/7.3.1/../../../../arm-none-eabi/lib/thumb/v7e-m/fpv4-sp/hard\libc_nano.a(lib_a-nano-freer.o)
 .ARM.attributes
                0x0000000000000695       0x34 c:/st/stm32cubeide_1.3.0/stm32cubeide/plugins/com.st.stm32cube.ide.mcu.externaltools.gnu-tools-for-stm32.7-2018-q2-update.win32_1.0.0.201904181610/tools/bin/../lib/gcc/arm-none-eabi/7.3.1/../../../../arm-none-eabi/lib/thumb/v7e-m/fpv4-sp/hard\libc_nano.a(lib_a-nano-mallocr.o)
 .ARM.attributes
                0x00000000000006c9       0x34 c:/st/stm32cubeide_1.3.0/stm32cubeide/plugins/com.st.stm32cube.ide.mcu.externaltools.gnu-tools-for-stm32.7-2018-q2-update.win32_1.0.0.201904181610/tools/bin/../lib/gcc/arm-none-eabi/7.3.1/../../../../arm-none-eabi/lib/thumb/v7e-m/fpv4-sp/hard\libc_nano.a(lib_a-sbrkr.o)
 .ARM.attributes
                0x00000000000006fd       0x34 c:/st/stm32cubeide_1.3.0/stm32cubeide/plugins/com.st.stm32cube.ide.mcu.externaltools.gnu-tools-for-stm32.7-2018-q2-update.win32_1.0.0.201904181610/tools/bin/../lib/gcc/arm-none-eabi/7.3.1/../../../../arm-none-eabi/lib/thumb/v7e-m/fpv4-sp/hard\libc_nano.a(lib_a-mlock.o)
 .ARM.attributes
                0x0000000000000731       0x34 c:/st/stm32cubeide_1.3.0/stm32cubeide/plugins/com.st.stm32cube.ide.mcu.externaltools.gnu-tools-for-stm32.7-2018-q2-update.win32_1.0.0.201904181610/tools/bin/../lib/gcc/arm-none-eabi/7.3.1/../../../../arm-none-eabi/lib/thumb/v7e-m/fpv4-sp/hard\libc_nano.a(lib_a-reent.o)
 .ARM.attributes
                0x0000000000000765       0x22 c:/st/stm32cubeide_1.3.0/stm32cubeide/plugins/com.st.stm32cube.ide.mcu.externaltools.gnu-tools-for-stm32.7-2018-q2-update.win32_1.0.0.201904181610/tools/bin/../lib/gcc/arm-none-eabi/7.3.1/thumb/v7e-m/fpv4-sp/hard\libgcc.a(_aeabi_uldivmod.o)
 .ARM.attributes
                0x0000000000000787       0x34 c:/st/stm32cubeide_1.3.0/stm32cubeide/plugins/com.st.stm32cube.ide.mcu.externaltools.gnu-tools-for-stm32.7-2018-q2-update.win32_1.0.0.201904181610/tools/bin/../lib/gcc/arm-none-eabi/7.3.1/thumb/v7e-m/fpv4-sp/hard\libgcc.a(_udivmoddi4.o)
 .ARM.attributes
                0x00000000000007bb       0x22 c:/st/stm32cubeide_1.3.0/stm32cubeide/plugins/com.st.stm32cube.ide.mcu.externaltools.gnu-tools-for-stm32.7-2018-q2-update.win32_1.0.0.201904181610/tools/bin/../lib/gcc/arm-none-eabi/7.3.1/thumb/v7e-m/fpv4-sp/hard\libgcc.a(_dvmd_tls.o)
 .ARM.attributes
                0x00000000000007dd       0x22 c:/st/stm32cubeide_1.3.0/stm32cubeide/plugins/com.st.stm32cube.ide.mcu.externaltools.gnu-tools-for-stm32.7-2018-q2-update.win32_1.0.0.201904181610/tools/bin/../lib/gcc/arm-none-eabi/7.3.1/thumb/v7e-m/fpv4-sp/hard/crtn.o
OUTPUT(USB_VCP_HAL.elf elf32-littlearm)

.debug_info     0x0000000000000000    0x14934
 .debug_info    0x0000000000000000     0x15d8 Core/Src/main.o
 .debug_info    0x00000000000015d8      0x975 Core/Src/stm32f4xx_hal_msp.o
 .debug_info    0x0000000000001f4d      0x6d3 Core/Src/stm32f4xx_it.o
 .debug_info    0x0000000000002620      0x91c Core/Src/sysmem.o
 .debug_info    0x0000000000002f3c      0x588 Core/Src/system_stm32f4xx.o
 .debug_info    0x00000000000034c4       0x22 Core/Startup/startup_stm32f446zetx.o
 .debug_info    0x00000000000034e6      0x997 Drivers/STM32F4xx_HAL_Driver/Src/stm32f4xx_hal.o
 .debug_info    0x0000000000003e7d      0xe46 Drivers/STM32F4xx_HAL_Driver/Src/stm32f4xx_hal_cortex.o
 .debug_info    0x0000000000004cc3      0x803 Drivers/STM32F4xx_HAL_Driver/Src/stm32f4xx_hal_gpio.o
 .debug_info    0x00000000000054c6     0x119b Drivers/STM32F4xx_HAL_Driver/Src/stm32f4xx_hal_pcd.o
 .debug_info    0x0000000000006661      0x823 Drivers/STM32F4xx_HAL_Driver/Src/stm32f4xx_hal_pcd_ex.o
 .debug_info    0x0000000000006e84      0x944 Drivers/STM32F4xx_HAL_Driver/Src/stm32f4xx_hal_rcc.o
 .debug_info    0x00000000000077c8      0x9d5 Drivers/STM32F4xx_HAL_Driver/Src/stm32f4xx_hal_rcc_ex.o
 .debug_info    0x000000000000819d     0x124c Drivers/STM32F4xx_HAL_Driver/Src/stm32f4xx_hal_uart.o
 .debug_info    0x00000000000093e9     0x193b Drivers/STM32F4xx_HAL_Driver/Src/stm32f4xx_ll_usb.o
 .debug_info    0x000000000000ad24     0x186a Middlewares/ST/STM32_USB_Device_Library/Class/CDC/Src/usbd_cdc.o
 .debug_info    0x000000000000c58e     0x12ba Middlewares/ST/STM32_USB_Device_Library/Core/Src/usbd_core.o
 .debug_info    0x000000000000d848     0x126c Middlewares/ST/STM32_USB_Device_Library/Core/Src/usbd_ctlreq.o
 .debug_info    0x000000000000eab4      0xf94 Middlewares/ST/STM32_USB_Device_Library/Core/Src/usbd_ioreq.o
 .debug_info    0x000000000000fa48      0xf07 USB_DEVICE/App/usb_device.o
 .debug_info    0x000000000001094f     0x1119 USB_DEVICE/App/usbd_cdc_if.o
 .debug_info    0x0000000000011a68      0xd87 USB_DEVICE/App/usbd_desc.o
 .debug_info    0x00000000000127ef     0x2145 USB_DEVICE/Target/usbd_conf.o

.debug_abbrev   0x0000000000000000     0x2f6a
 .debug_abbrev  0x0000000000000000      0x241 Core/Src/main.o
 .debug_abbrev  0x0000000000000241      0x18c Core/Src/stm32f4xx_hal_msp.o
 .debug_abbrev  0x00000000000003cd      0x164 Core/Src/stm32f4xx_it.o
 .debug_abbrev  0x0000000000000531      0x1bb Core/Src/sysmem.o
 .debug_abbrev  0x00000000000006ec      0x12b Core/Src/system_stm32f4xx.o
 .debug_abbrev  0x0000000000000817       0x12 Core/Startup/startup_stm32f446zetx.o
 .debug_abbrev  0x0000000000000829      0x1c7 Drivers/STM32F4xx_HAL_Driver/Src/stm32f4xx_hal.o
 .debug_abbrev  0x00000000000009f0      0x2fa Drivers/STM32F4xx_HAL_Driver/Src/stm32f4xx_hal_cortex.o
 .debug_abbrev  0x0000000000000cea      0x1c9 Drivers/STM32F4xx_HAL_Driver/Src/stm32f4xx_hal_gpio.o
 .debug_abbrev  0x0000000000000eb3      0x26f Drivers/STM32F4xx_HAL_Driver/Src/stm32f4xx_hal_pcd.o
 .debug_abbrev  0x0000000000001122      0x1cf Drivers/STM32F4xx_HAL_Driver/Src/stm32f4xx_hal_pcd_ex.o
 .debug_abbrev  0x00000000000012f1      0x245 Drivers/STM32F4xx_HAL_Driver/Src/stm32f4xx_hal_rcc.o
 .debug_abbrev  0x0000000000001536      0x1bc Drivers/STM32F4xx_HAL_Driver/Src/stm32f4xx_hal_rcc_ex.o
 .debug_abbrev  0x00000000000016f2      0x242 Drivers/STM32F4xx_HAL_Driver/Src/stm32f4xx_hal_uart.o
 .debug_abbrev  0x0000000000001934      0x26d Drivers/STM32F4xx_HAL_Driver/Src/stm32f4xx_ll_usb.o
 .debug_abbrev  0x0000000000001ba1      0x2bc Middlewares/ST/STM32_USB_Device_Library/Class/CDC/Src/usbd_cdc.o
 .debug_abbrev  0x0000000000001e5d      0x286 Middlewares/ST/STM32_USB_Device_Library/Core/Src/usbd_core.o
 .debug_abbrev  0x00000000000020e3      0x2c3 Middlewares/ST/STM32_USB_Device_Library/Core/Src/usbd_ctlreq.o
 .debug_abbrev  0x00000000000023a6      0x1fc Middlewares/ST/STM32_USB_Device_Library/Core/Src/usbd_ioreq.o
 .debug_abbrev  0x00000000000025a2      0x1da USB_DEVICE/App/usb_device.o
 .debug_abbrev  0x000000000000277c      0x2ca USB_DEVICE/App/usbd_cdc_if.o
 .debug_abbrev  0x0000000000002a46      0x265 USB_DEVICE/App/usbd_desc.o
 .debug_abbrev  0x0000000000002cab      0x2bf USB_DEVICE/Target/usbd_conf.o

.debug_aranges  0x0000000000000000      0xd88
 .debug_aranges
                0x0000000000000000       0x40 Core/Src/main.o
 .debug_aranges
                0x0000000000000040       0x30 Core/Src/stm32f4xx_hal_msp.o
 .debug_aranges
                0x0000000000000070       0x68 Core/Src/stm32f4xx_it.o
 .debug_aranges
                0x00000000000000d8       0x20 Core/Src/sysmem.o
 .debug_aranges
                0x00000000000000f8       0x28 Core/Src/system_stm32f4xx.o
 .debug_aranges
                0x0000000000000120       0x28 Core/Startup/startup_stm32f446zetx.o
 .debug_aranges
                0x0000000000000148       0xf0 Drivers/STM32F4xx_HAL_Driver/Src/stm32f4xx_hal.o
 .debug_aranges
                0x0000000000000238      0x118 Drivers/STM32F4xx_HAL_Driver/Src/stm32f4xx_hal_cortex.o
 .debug_aranges
                0x0000000000000350       0x58 Drivers/STM32F4xx_HAL_Driver/Src/stm32f4xx_hal_gpio.o
 .debug_aranges
                0x00000000000003a8      0x130 Drivers/STM32F4xx_HAL_Driver/Src/stm32f4xx_hal_pcd.o
 .debug_aranges
                0x00000000000004d8       0x48 Drivers/STM32F4xx_HAL_Driver/Src/stm32f4xx_hal_pcd_ex.o
 .debug_aranges
                0x0000000000000520       0x88 Drivers/STM32F4xx_HAL_Driver/Src/stm32f4xx_hal_rcc.o
 .debug_aranges
                0x00000000000005a8       0x78 Drivers/STM32F4xx_HAL_Driver/Src/stm32f4xx_hal_rcc_ex.o
 .debug_aranges
                0x0000000000000620      0x1d0 Drivers/STM32F4xx_HAL_Driver/Src/stm32f4xx_hal_uart.o
 .debug_aranges
                0x00000000000007f0      0x198 Drivers/STM32F4xx_HAL_Driver/Src/stm32f4xx_ll_usb.o
 .debug_aranges
                0x0000000000000988       0x90 Middlewares/ST/STM32_USB_Device_Library/Class/CDC/Src/usbd_cdc.o
 .debug_aranges
                0x0000000000000a18       0xb8 Middlewares/ST/STM32_USB_Device_Library/Core/Src/usbd_core.o
 .debug_aranges
                0x0000000000000ad0       0x90 Middlewares/ST/STM32_USB_Device_Library/Core/Src/usbd_ctlreq.o
 .debug_aranges
                0x0000000000000b60       0x50 Middlewares/ST/STM32_USB_Device_Library/Core/Src/usbd_ioreq.o
 .debug_aranges
                0x0000000000000bb0       0x20 USB_DEVICE/App/usb_device.o
 .debug_aranges
                0x0000000000000bd0       0x48 USB_DEVICE/App/usbd_cdc_if.o
 .debug_aranges
                0x0000000000000c18       0x68 USB_DEVICE/App/usbd_desc.o
 .debug_aranges
                0x0000000000000c80      0x108 USB_DEVICE/Target/usbd_conf.o

.debug_ranges   0x0000000000000000      0xc20
 .debug_ranges  0x0000000000000000       0x30 Core/Src/main.o
 .debug_ranges  0x0000000000000030       0x20 Core/Src/stm32f4xx_hal_msp.o
 .debug_ranges  0x0000000000000050       0x58 Core/Src/stm32f4xx_it.o
 .debug_ranges  0x00000000000000a8       0x10 Core/Src/sysmem.o
 .debug_ranges  0x00000000000000b8       0x18 Core/Src/system_stm32f4xx.o
 .debug_ranges  0x00000000000000d0       0x20 Core/Startup/startup_stm32f446zetx.o
 .debug_ranges  0x00000000000000f0       0xe0 Drivers/STM32F4xx_HAL_Driver/Src/stm32f4xx_hal.o
 .debug_ranges  0x00000000000001d0      0x108 Drivers/STM32F4xx_HAL_Driver/Src/stm32f4xx_hal_cortex.o
 .debug_ranges  0x00000000000002d8       0x48 Drivers/STM32F4xx_HAL_Driver/Src/stm32f4xx_hal_gpio.o
 .debug_ranges  0x0000000000000320      0x120 Drivers/STM32F4xx_HAL_Driver/Src/stm32f4xx_hal_pcd.o
 .debug_ranges  0x0000000000000440       0x38 Drivers/STM32F4xx_HAL_Driver/Src/stm32f4xx_hal_pcd_ex.o
 .debug_ranges  0x0000000000000478       0x78 Drivers/STM32F4xx_HAL_Driver/Src/stm32f4xx_hal_rcc.o
 .debug_ranges  0x00000000000004f0       0x68 Drivers/STM32F4xx_HAL_Driver/Src/stm32f4xx_hal_rcc_ex.o
 .debug_ranges  0x0000000000000558      0x1c0 Drivers/STM32F4xx_HAL_Driver/Src/stm32f4xx_hal_uart.o
 .debug_ranges  0x0000000000000718      0x188 Drivers/STM32F4xx_HAL_Driver/Src/stm32f4xx_ll_usb.o
 .debug_ranges  0x00000000000008a0       0x80 Middlewares/ST/STM32_USB_Device_Library/Class/CDC/Src/usbd_cdc.o
 .debug_ranges  0x0000000000000920       0xa8 Middlewares/ST/STM32_USB_Device_Library/Core/Src/usbd_core.o
 .debug_ranges  0x00000000000009c8       0x80 Middlewares/ST/STM32_USB_Device_Library/Core/Src/usbd_ctlreq.o
 .debug_ranges  0x0000000000000a48       0x40 Middlewares/ST/STM32_USB_Device_Library/Core/Src/usbd_ioreq.o
 .debug_ranges  0x0000000000000a88       0x10 USB_DEVICE/App/usb_device.o
 .debug_ranges  0x0000000000000a98       0x38 USB_DEVICE/App/usbd_cdc_if.o
 .debug_ranges  0x0000000000000ad0       0x58 USB_DEVICE/App/usbd_desc.o
 .debug_ranges  0x0000000000000b28       0xf8 USB_DEVICE/Target/usbd_conf.o

.debug_macro    0x0000000000000000    0x24269
 .debug_macro   0x0000000000000000      0x3cf Core/Src/main.o
 .debug_macro   0x00000000000003cf      0xa5a Core/Src/main.o
 .debug_macro   0x0000000000000e29      0x18a Core/Src/main.o
 .debug_macro   0x0000000000000fb3       0x2e Core/Src/main.o
 .debug_macro   0x0000000000000fe1       0x28 Core/Src/main.o
 .debug_macro   0x0000000000001009       0x22 Core/Src/main.o
 .debug_macro   0x000000000000102b       0x8e Core/Src/main.o
 .debug_macro   0x00000000000010b9       0x51 Core/Src/main.o
 .debug_macro   0x000000000000110a       0xef Core/Src/main.o
 .debug_macro   0x00000000000011f9       0x6a Core/Src/main.o
 .debug_macro   0x0000000000001263      0x1df Core/Src/main.o
 .debug_macro   0x0000000000001442       0x1c Core/Src/main.o
 .debug_macro   0x000000000000145e       0x22 Core/Src/main.o
 .debug_macro   0x0000000000001480       0xdf Core/Src/main.o
 .debug_macro   0x000000000000155f     0x102d Core/Src/main.o
 .debug_macro   0x000000000000258c      0x11f Core/Src/main.o
 .debug_macro   0x00000000000026ab    0x1672d Core/Src/main.o
 .debug_macro   0x0000000000018dd8       0x43 Core/Src/main.o
 .debug_macro   0x0000000000018e1b     0x3659 Core/Src/main.o
 .debug_macro   0x000000000001c474      0x174 Core/Src/main.o
 .debug_macro   0x000000000001c5e8       0x5a Core/Src/main.o
 .debug_macro   0x000000000001c642      0xc90 Core/Src/main.o
 .debug_macro   0x000000000001d2d2      0x9fe Core/Src/main.o
 .debug_macro   0x000000000001dcd0      0x16d Core/Src/main.o
 .debug_macro   0x000000000001de3d      0x117 Core/Src/main.o
 .debug_macro   0x000000000001df54      0x1a0 Core/Src/main.o
 .debug_macro   0x000000000001e0f4       0x27 Core/Src/main.o
 .debug_macro   0x000000000001e11b      0x287 Core/Src/main.o
 .debug_macro   0x000000000001e3a2       0x5f Core/Src/main.o
 .debug_macro   0x000000000001e401      0x236 Core/Src/main.o
 .debug_macro   0x000000000001e637      0x132 Core/Src/main.o
 .debug_macro   0x000000000001e769      0x29c Core/Src/main.o
 .debug_macro   0x000000000001ea05       0x2e Core/Src/main.o
 .debug_macro   0x000000000001ea33      0x11a Core/Src/main.o
 .debug_macro   0x000000000001eb4d       0xe8 Core/Src/main.o
 .debug_macro   0x000000000001ec35       0x89 Core/Src/main.o
 .debug_macro   0x000000000001ecbe      0x287 Core/Src/main.o
 .debug_macro   0x000000000001ef45      0x21e Core/Src/main.o
 .debug_macro   0x000000000001f163       0xba Core/Src/main.o
 .debug_macro   0x000000000001f21d      0x126 Core/Src/main.o
 .debug_macro   0x000000000001f343       0xc4 Core/Src/main.o
 .debug_macro   0x000000000001f407       0x46 Core/Src/main.o
 .debug_macro   0x000000000001f44d       0x18 Core/Src/main.o
 .debug_macro   0x000000000001f465       0x3c Core/Src/main.o
 .debug_macro   0x000000000001f4a1       0x34 Core/Src/main.o
 .debug_macro   0x000000000001f4d5       0x16 Core/Src/main.o
 .debug_macro   0x000000000001f4eb       0x35 Core/Src/main.o
 .debug_macro   0x000000000001f520      0x32a Core/Src/main.o
 .debug_macro   0x000000000001f84a       0x10 Core/Src/main.o
 .debug_macro   0x000000000001f85a       0x52 Core/Src/main.o
 .debug_macro   0x000000000001f8ac       0x1f Core/Src/main.o
 .debug_macro   0x000000000001f8cb       0x43 Core/Src/main.o
 .debug_macro   0x000000000001f90e       0x20 Core/Src/main.o
 .debug_macro   0x000000000001f92e      0x1a3 Core/Src/main.o
 .debug_macro   0x000000000001fad1       0x10 Core/Src/main.o
 .debug_macro   0x000000000001fae1       0x1c Core/Src/main.o
 .debug_macro   0x000000000001fafd       0x52 Core/Src/main.o
 .debug_macro   0x000000000001fb4f       0x40 Core/Src/main.o
 .debug_macro   0x000000000001fb8f       0x10 Core/Src/main.o
 .debug_macro   0x000000000001fb9f       0x40 Core/Src/main.o
 .debug_macro   0x000000000001fbdf       0xd7 Core/Src/main.o
 .debug_macro   0x000000000001fcb6       0x1c Core/Src/main.o
 .debug_macro   0x000000000001fcd2       0x3d Core/Src/main.o
 .debug_macro   0x000000000001fd0f       0x16 Core/Src/main.o
 .debug_macro   0x000000000001fd25      0x145 Core/Src/main.o
 .debug_macro   0x000000000001fe6a       0x16 Core/Src/main.o
 .debug_macro   0x000000000001fe80       0x16 Core/Src/main.o
 .debug_macro   0x000000000001fe96       0x29 Core/Src/main.o
 .debug_macro   0x000000000001febf       0x16 Core/Src/main.o
 .debug_macro   0x000000000001fed5       0x20 Core/Src/main.o
 .debug_macro   0x000000000001fef5       0x65 Core/Src/main.o
 .debug_macro   0x000000000001ff5a      0x1c4 Core/Src/main.o
 .debug_macro   0x000000000002011e      0x1ed Core/Src/stm32f4xx_hal_msp.o
 .debug_macro   0x000000000002030b      0x1f7 Core/Src/stm32f4xx_it.o
 .debug_macro   0x0000000000020502      0x1ae Core/Src/sysmem.o
 .debug_macro   0x00000000000206b0      0x23b Core/Src/sysmem.o
 .debug_macro   0x00000000000208eb      0x1e4 Core/Src/system_stm32f4xx.o
 .debug_macro   0x0000000000020acf      0x23e Drivers/STM32F4xx_HAL_Driver/Src/stm32f4xx_hal.o
 .debug_macro   0x0000000000020d0d      0x1de Drivers/STM32F4xx_HAL_Driver/Src/stm32f4xx_hal_cortex.o
 .debug_macro   0x0000000000020eeb      0x214 Drivers/STM32F4xx_HAL_Driver/Src/stm32f4xx_hal_gpio.o
 .debug_macro   0x00000000000210ff      0x1ea Drivers/STM32F4xx_HAL_Driver/Src/stm32f4xx_hal_pcd.o
 .debug_macro   0x00000000000212e9      0x1de Drivers/STM32F4xx_HAL_Driver/Src/stm32f4xx_hal_pcd_ex.o
 .debug_macro   0x00000000000214c7      0x202 Drivers/STM32F4xx_HAL_Driver/Src/stm32f4xx_hal_rcc.o
 .debug_macro   0x00000000000216c9      0x1de Drivers/STM32F4xx_HAL_Driver/Src/stm32f4xx_hal_rcc_ex.o
 .debug_macro   0x00000000000218a7      0x1df Drivers/STM32F4xx_HAL_Driver/Src/stm32f4xx_hal_uart.o
 .debug_macro   0x0000000000021a86      0x1de Drivers/STM32F4xx_HAL_Driver/Src/stm32f4xx_ll_usb.o
 .debug_macro   0x0000000000021c64      0x3fa Middlewares/ST/STM32_USB_Device_Library/Class/CDC/Src/usbd_cdc.o
 .debug_macro   0x000000000002205e       0x97 Middlewares/ST/STM32_USB_Device_Library/Class/CDC/Src/usbd_cdc.o
 .debug_macro   0x00000000000220f5       0xfd Middlewares/ST/STM32_USB_Device_Library/Class/CDC/Src/usbd_cdc.o
 .debug_macro   0x00000000000221f2       0xd9 Middlewares/ST/STM32_USB_Device_Library/Class/CDC/Src/usbd_cdc.o
 .debug_macro   0x00000000000222cb       0x54 Middlewares/ST/STM32_USB_Device_Library/Class/CDC/Src/usbd_cdc.o
 .debug_macro   0x000000000002231f       0x8f Middlewares/ST/STM32_USB_Device_Library/Class/CDC/Src/usbd_cdc.o
 .debug_macro   0x00000000000223ae      0x3e1 Middlewares/ST/STM32_USB_Device_Library/Core/Src/usbd_core.o
 .debug_macro   0x000000000002278f      0x1ca Middlewares/ST/STM32_USB_Device_Library/Core/Src/usbd_core.o
 .debug_macro   0x0000000000022959      0x3eb Middlewares/ST/STM32_USB_Device_Library/Core/Src/usbd_ctlreq.o
 .debug_macro   0x0000000000022d44      0x3e7 Middlewares/ST/STM32_USB_Device_Library/Core/Src/usbd_ioreq.o
 .debug_macro   0x000000000002312b      0x41b USB_DEVICE/App/usb_device.o
 .debug_macro   0x0000000000023546       0xca USB_DEVICE/App/usb_device.o
 .debug_macro   0x0000000000023610       0x22 USB_DEVICE/App/usb_device.o
 .debug_macro   0x0000000000023632      0x40c USB_DEVICE/App/usbd_cdc_if.o
 .debug_macro   0x0000000000023a3e      0x424 USB_DEVICE/App/usbd_desc.o
 .debug_macro   0x0000000000023e62       0x1c USB_DEVICE/App/usbd_desc.o
 .debug_macro   0x0000000000023e7e      0x3eb USB_DEVICE/Target/usbd_conf.o

.debug_line     0x0000000000000000     0xdfb9
 .debug_line    0x0000000000000000      0xa0a Core/Src/main.o
 .debug_line    0x0000000000000a0a      0x706 Core/Src/stm32f4xx_hal_msp.o
 .debug_line    0x0000000000001110      0x78d Core/Src/stm32f4xx_it.o
 .debug_line    0x000000000000189d      0x55e Core/Src/sysmem.o
 .debug_line    0x0000000000001dfb      0x6f2 Core/Src/system_stm32f4xx.o
 .debug_line    0x00000000000024ed       0x85 Core/Startup/startup_stm32f446zetx.o
 .debug_line    0x0000000000002572      0x8dc Drivers/STM32F4xx_HAL_Driver/Src/stm32f4xx_hal.o
 .debug_line    0x0000000000002e4e      0xa00 Drivers/STM32F4xx_HAL_Driver/Src/stm32f4xx_hal_cortex.o
 .debug_line    0x000000000000384e      0x8a7 Drivers/STM32F4xx_HAL_Driver/Src/stm32f4xx_hal_gpio.o
 .debug_line    0x00000000000040f5      0xc5d Drivers/STM32F4xx_HAL_Driver/Src/stm32f4xx_hal_pcd.o
 .debug_line    0x0000000000004d52      0x762 Drivers/STM32F4xx_HAL_Driver/Src/stm32f4xx_hal_pcd_ex.o
 .debug_line    0x00000000000054b4      0x934 Drivers/STM32F4xx_HAL_Driver/Src/stm32f4xx_hal_rcc.o
 .debug_line    0x0000000000005de8      0xac5 Drivers/STM32F4xx_HAL_Driver/Src/stm32f4xx_hal_rcc_ex.o
 .debug_line    0x00000000000068ad      0xfea Drivers/STM32F4xx_HAL_Driver/Src/stm32f4xx_hal_uart.o
 .debug_line    0x0000000000007897      0xe03 Drivers/STM32F4xx_HAL_Driver/Src/stm32f4xx_ll_usb.o
 .debug_line    0x000000000000869a      0xb97 Middlewares/ST/STM32_USB_Device_Library/Class/CDC/Src/usbd_cdc.o
 .debug_line    0x0000000000009231      0xbb5 Middlewares/ST/STM32_USB_Device_Library/Core/Src/usbd_core.o
 .debug_line    0x0000000000009de6      0xcae Middlewares/ST/STM32_USB_Device_Library/Core/Src/usbd_ctlreq.o
 .debug_line    0x000000000000aa94      0xa32 Middlewares/ST/STM32_USB_Device_Library/Core/Src/usbd_ioreq.o
 .debug_line    0x000000000000b4c6      0xa14 USB_DEVICE/App/usb_device.o
 .debug_line    0x000000000000beda      0xa5a USB_DEVICE/App/usbd_cdc_if.o
 .debug_line    0x000000000000c934      0xa79 USB_DEVICE/App/usbd_desc.o
 .debug_line    0x000000000000d3ad      0xc0c USB_DEVICE/Target/usbd_conf.o

.debug_str      0x0000000000000000    0xcba75
 .debug_str     0x0000000000000000    0xc7778 Core/Src/main.o
                                      0xc7b4c (size before relaxing)
 .debug_str     0x00000000000c7778       0x56 Core/Src/stm32f4xx_hal_msp.o
                                      0xc2c77 (size before relaxing)
 .debug_str     0x00000000000c77ce      0x433 Core/Src/stm32f4xx_it.o
                                      0xc2b2a (size before relaxing)
 .debug_str     0x00000000000c7c01      0x4d1 Core/Src/sysmem.o
                                       0x7ad1 (size before relaxing)
 .debug_str     0x00000000000c80d2       0xc4 Core/Src/system_stm32f4xx.o
                                      0xc2573 (size before relaxing)
 .debug_str     0x00000000000c8196       0x36 Core/Startup/startup_stm32f446zetx.o
                                         0x53 (size before relaxing)
 .debug_str     0x00000000000c81cc      0xa85 Drivers/STM32F4xx_HAL_Driver/Src/stm32f4xx_hal.o
                                      0xc3081 (size before relaxing)
 .debug_str     0x00000000000c8c51      0x399 Drivers/STM32F4xx_HAL_Driver/Src/stm32f4xx_hal_cortex.o
                                      0xc2e4b (size before relaxing)
 .debug_str     0x00000000000c8fea      0x20c Drivers/STM32F4xx_HAL_Driver/Src/stm32f4xx_hal_gpio.o
                                      0xc27b2 (size before relaxing)
 .debug_str     0x00000000000c91f6      0x557 Drivers/STM32F4xx_HAL_Driver/Src/stm32f4xx_hal_pcd.o
                                      0xc2d45 (size before relaxing)
 .debug_str     0x00000000000c974d      0x16d Drivers/STM32F4xx_HAL_Driver/Src/stm32f4xx_hal_pcd_ex.o
                                      0xc2958 (size before relaxing)
 .debug_str     0x00000000000c98ba      0x259 Drivers/STM32F4xx_HAL_Driver/Src/stm32f4xx_hal_rcc.o
                                      0xc2965 (size before relaxing)
 .debug_str     0x00000000000c9b13      0x1b7 Drivers/STM32F4xx_HAL_Driver/Src/stm32f4xx_hal_rcc_ex.o
                                      0xc29b7 (size before relaxing)
 .debug_str     0x00000000000c9cca      0x521 Drivers/STM32F4xx_HAL_Driver/Src/stm32f4xx_hal_uart.o
                                      0xc2d9a (size before relaxing)
 .debug_str     0x00000000000ca1eb      0x671 Drivers/STM32F4xx_HAL_Driver/Src/stm32f4xx_ll_usb.o
                                      0xc2e5b (size before relaxing)
 .debug_str     0x00000000000ca85c      0x8b8 Middlewares/ST/STM32_USB_Device_Library/Class/CDC/Src/usbd_cdc.o
                                      0xc7f7b (size before relaxing)
 .debug_str     0x00000000000cb114      0x1a2 Middlewares/ST/STM32_USB_Device_Library/Core/Src/usbd_core.o
                                      0xc77fd (size before relaxing)
 .debug_str     0x00000000000cb2b6      0x157 Middlewares/ST/STM32_USB_Device_Library/Core/Src/usbd_ctlreq.o
                                      0xc77b9 (size before relaxing)
 .debug_str     0x00000000000cb40d       0xc9 Middlewares/ST/STM32_USB_Device_Library/Core/Src/usbd_ioreq.o
                                      0xc76f9 (size before relaxing)
 .debug_str     0x00000000000cb4d6       0xec USB_DEVICE/App/usb_device.o
                                      0xc7a41 (size before relaxing)