stm32f4xx_hal_pcd.c:124:19:HAL_PCD_Init	80	static
stm32f4xx_hal_pcd.c:245:19:HAL_PCD_DeInit	16	static
stm32f4xx_hal_pcd.c:281:13:HAL_PCD_MspInit	16	static
stm32f4xx_hal_pcd.c:296:13:HAL_PCD_MspDeInit	16	static
stm32f4xx_hal_pcd.c:991:19:HAL_PCD_Start	24	static
stm32f4xx_hal_pcd.c:1017:19:HAL_PCD_Stop	16	static
stm32f4xx_hal_pcd.c:1039:6:HAL_PCD_IRQHandler	72	static
stm32f4xx_hal_pcd.c:1453:13:HAL_PCD_DataOutStageCallback	16	static
stm32f4xx_hal_pcd.c:1470:13:HAL_PCD_DataInStageCallback	16	static
stm32f4xx_hal_pcd.c:1485:13:HAL_PCD_SetupStageCallback	16	static
stm32f4xx_hal_pcd.c:1500:13:HAL_PCD_SOFCallback	16	static
stm32f4xx_hal_pcd.c:1515:13:HAL_PCD_ResetCallback	16	static
stm32f4xx_hal_pcd.c:1530:13:HAL_PCD_SuspendCallback	16	static
stm32f4xx_hal_pcd.c:1545:13:HAL_PCD_ResumeCallback	16	static
stm32f4xx_hal_pcd.c:1561:13:HAL_PCD_ISOOUTIncompleteCallback	16	static
stm32f4xx_hal_pcd.c:1578:13:HAL_PCD_ISOINIncompleteCallback	16	static
stm32f4xx_hal_pcd.c:1594:13:HAL_PCD_ConnectCallback	16	static
stm32f4xx_hal_pcd.c:1609:13:HAL_PCD_DisconnectCallback	16	static
stm32f4xx_hal_pcd.c:1643:19:HAL_PCD_DevConnect	24	static
stm32f4xx_hal_pcd.c:1668:19:HAL_PCD_DevDisconnect	16	static
stm32f4xx_hal_pcd.c:1682:19:HAL_PCD_SetAddress	16	static
stm32f4xx_hal_pcd.c:1698:19:HAL_PCD_EP_Open	24	static
stm32f4xx_hal_pcd.c:1742:19:HAL_PCD_EP_Close	24	static
stm32f4xx_hal_pcd.c:1773:19:HAL_PCD_EP_Receive	32	static
stm32f4xx_hal_pcd.c:1809:10:HAL_PCD_EP_GetRxCount	16	static
stm32f4xx_hal_pcd.c:1821:19:HAL_PCD_EP_Transmit	32	static
stm32f4xx_hal_pcd.c:1857:19:HAL_PCD_EP_SetStall	24	static
stm32f4xx_hal_pcd.c:1898:19:HAL_PCD_EP_ClrStall	24	static
stm32f4xx_hal_pcd.c:1934:19:HAL_PCD_EP_Flush	16	static
stm32f4xx_hal_pcd.c:1957:19:HAL_PCD_ActivateRemoteWakeup	16	static
stm32f4xx_hal_pcd.c:1967:19:HAL_PCD_DeActivateRemoteWakeup	16	static
stm32f4xx_hal_pcd.c:1996:18:HAL_PCD_GetState	16	static
stm32f4xx_hal_pcd.c:2020:26:PCD_WriteEmptyTxFifo	48	static
stm32f4xx_hal_pcd.c:2082:26:PCD_EP_OutXfrComplete_int	32	static
stm32f4xx_hal_pcd.c:2187:26:PCD_EP_OutSetupPacket_int	32	static
