stm32f4xx_hal_pcd.c:124:19:HAL_PCD_Init	80	static
stm32f4xx_hal_pcd.c:245:19:HAL_PCD_DeInit	16	static
stm32f4xx_hal_pcd.c:281:13:HAL_PCD_MspInit	16	static
stm32f4xx_hal_pcd.c:296:13:HAL_PCD_MspDeInit	16	static
stm32f4xx_hal_pcd.c:991:19:HAL_PCD_Start	24	static
stm32f4xx_hal_pcd.c:1017:19:HAL_PCD_Stop	16	static
stm32f4xx_hal_pcd.c:1039:6:HAL_PCD_IRQHandler	64	static
stm32f4xx_hal_pcd.c:1456:13:HAL_PCD_DataOutStageCallback	16	static
stm32f4xx_hal_pcd.c:1473:13:HAL_PCD_DataInStageCallback	16	static
stm32f4xx_hal_pcd.c:1488:13:HAL_PCD_SetupStageCallback	16	static
stm32f4xx_hal_pcd.c:1503:13:HAL_PCD_SOFCallback	16	static
stm32f4xx_hal_pcd.c:1518:13:HAL_PCD_ResetCallback	16	static
stm32f4xx_hal_pcd.c:1533:13:HAL_PCD_SuspendCallback	16	static
stm32f4xx_hal_pcd.c:1548:13:HAL_PCD_ResumeCallback	16	static
stm32f4xx_hal_pcd.c:1564:13:HAL_PCD_ISOOUTIncompleteCallback	16	static
stm32f4xx_hal_pcd.c:1581:13:HAL_PCD_ISOINIncompleteCallback	16	static
stm32f4xx_hal_pcd.c:1597:13:HAL_PCD_ConnectCallback	16	static
stm32f4xx_hal_pcd.c:1612:13:HAL_PCD_DisconnectCallback	16	static
stm32f4xx_hal_pcd.c:1646:19:HAL_PCD_DevConnect	24	static
stm32f4xx_hal_pcd.c:1671:19:HAL_PCD_DevDisconnect	16	static
stm32f4xx_hal_pcd.c:1685:19:HAL_PCD_SetAddress	16	static
stm32f4xx_hal_pcd.c:1701:19:HAL_PCD_EP_Open	24	static
stm32f4xx_hal_pcd.c:1745:19:HAL_PCD_EP_Close	24	static
stm32f4xx_hal_pcd.c:1776:19:HAL_PCD_EP_Receive	32	static
stm32f4xx_hal_pcd.c:1812:10:HAL_PCD_EP_GetRxCount	16	static
stm32f4xx_hal_pcd.c:1824:19:HAL_PCD_EP_Transmit	32	static
stm32f4xx_hal_pcd.c:1860:19:HAL_PCD_EP_SetStall	24	static
stm32f4xx_hal_pcd.c:1901:19:HAL_PCD_EP_ClrStall	24	static
stm32f4xx_hal_pcd.c:1937:19:HAL_PCD_EP_Flush	16	static
stm32f4xx_hal_pcd.c:1960:19:HAL_PCD_ActivateRemoteWakeup	16	static
stm32f4xx_hal_pcd.c:1970:19:HAL_PCD_DeActivateRemoteWakeup	16	static
stm32f4xx_hal_pcd.c:1999:18:HAL_PCD_GetState	16	static
stm32f4xx_hal_pcd.c:2023:26:PCD_WriteEmptyTxFifo	48	static
stm32f4xx_hal_pcd.c:2083:26:PCD_EP_OutXfrComplete_int	32	static
stm32f4xx_hal_pcd.c:2188:26:PCD_EP_OutSetupPacket_int	32	static
