stm32f4xx_hal_pcd.c:124:19:HAL_PCD_Init	80	static
stm32f4xx_hal_pcd.c:245:19:HAL_PCD_DeInit	16	static
stm32f4xx_hal_pcd.c:281:13:HAL_PCD_MspInit	16	static
stm32f4xx_hal_pcd.c:296:13:HAL_PCD_MspDeInit	16	static
stm32f4xx_hal_pcd.c:991:19:HAL_PCD_Start	24	static
stm32f4xx_hal_pcd.c:1017:19:HAL_PCD_Stop	16	static
stm32f4xx_hal_pcd.c:1039:6:HAL_PCD_IRQHandler	72	static
stm32f4xx_hal_pcd.c:1463:13:HAL_PCD_DataOutStageCallback	16	static
stm32f4xx_hal_pcd.c:1480:13:HAL_PCD_DataInStageCallback	16	static
stm32f4xx_hal_pcd.c:1495:13:HAL_PCD_SetupStageCallback	16	static
stm32f4xx_hal_pcd.c:1510:13:HAL_PCD_SOFCallback	16	static
stm32f4xx_hal_pcd.c:1525:13:HAL_PCD_ResetCallback	16	static
stm32f4xx_hal_pcd.c:1540:13:HAL_PCD_SuspendCallback	16	static
stm32f4xx_hal_pcd.c:1555:13:HAL_PCD_ResumeCallback	16	static
stm32f4xx_hal_pcd.c:1571:13:HAL_PCD_ISOOUTIncompleteCallback	16	static
stm32f4xx_hal_pcd.c:1588:13:HAL_PCD_ISOINIncompleteCallback	16	static
stm32f4xx_hal_pcd.c:1604:13:HAL_PCD_ConnectCallback	16	static
stm32f4xx_hal_pcd.c:1619:13:HAL_PCD_DisconnectCallback	16	static
stm32f4xx_hal_pcd.c:1653:19:HAL_PCD_DevConnect	24	static
stm32f4xx_hal_pcd.c:1678:19:HAL_PCD_DevDisconnect	16	static
stm32f4xx_hal_pcd.c:1692:19:HAL_PCD_SetAddress	16	static
stm32f4xx_hal_pcd.c:1708:19:HAL_PCD_EP_Open	24	static
stm32f4xx_hal_pcd.c:1752:19:HAL_PCD_EP_Close	24	static
stm32f4xx_hal_pcd.c:1783:19:HAL_PCD_EP_Receive	32	static
stm32f4xx_hal_pcd.c:1819:10:HAL_PCD_EP_GetRxCount	16	static
stm32f4xx_hal_pcd.c:1831:19:HAL_PCD_EP_Transmit	32	static
stm32f4xx_hal_pcd.c:1867:19:HAL_PCD_EP_SetStall	24	static
stm32f4xx_hal_pcd.c:1908:19:HAL_PCD_EP_ClrStall	24	static
stm32f4xx_hal_pcd.c:1944:19:HAL_PCD_EP_Flush	16	static
stm32f4xx_hal_pcd.c:1967:19:HAL_PCD_ActivateRemoteWakeup	16	static
stm32f4xx_hal_pcd.c:1977:19:HAL_PCD_DeActivateRemoteWakeup	16	static
stm32f4xx_hal_pcd.c:2006:18:HAL_PCD_GetState	16	static
stm32f4xx_hal_pcd.c:2030:26:PCD_WriteEmptyTxFifo	48	static
stm32f4xx_hal_pcd.c:2094:26:PCD_EP_OutXfrComplete_int	32	static
stm32f4xx_hal_pcd.c:2199:26:PCD_EP_OutSetupPacket_int	32	static
